Archive member included to satisfy reference by file (symbol)

C:/ST/STM32CubeIDE_1.16.0/STM32CubeIDE/plugins/com.st.stm32cube.ide.mcu.externaltools.gnu-tools-for-stm32.12.3.rel1.win32_1.0.200.202406191623/tools/bin/../lib/gcc/arm-none-eabi/12.3.1/../../../../arm-none-eabi/lib/thumb/v7e-m+fp/hard\libc_nano.a(libc_a-exit.o)
                              C:/ST/STM32CubeIDE_1.16.0/STM32CubeIDE/plugins/com.st.stm32cube.ide.mcu.externaltools.gnu-tools-for-stm32.12.3.rel1.win32_1.0.200.202406191623/tools/bin/../lib/gcc/arm-none-eabi/12.3.1/../../../../arm-none-eabi/lib/thumb/v7e-m+fp/hard/crt0.o (exit)
C:/ST/STM32CubeIDE_1.16.0/STM32CubeIDE/plugins/com.st.stm32cube.ide.mcu.externaltools.gnu-tools-for-stm32.12.3.rel1.win32_1.0.200.202406191623/tools/bin/../lib/gcc/arm-none-eabi/12.3.1/../../../../arm-none-eabi/lib/thumb/v7e-m+fp/hard\libc_nano.a(libc_a-findfp.o)
                              C:/ST/STM32CubeIDE_1.16.0/STM32CubeIDE/plugins/com.st.stm32cube.ide.mcu.externaltools.gnu-tools-for-stm32.12.3.rel1.win32_1.0.200.202406191623/tools/bin/../lib/gcc/arm-none-eabi/12.3.1/../../../../arm-none-eabi/lib/thumb/v7e-m+fp/hard\libc_nano.a(libc_a-exit.o) (__stdio_exit_handler)
C:/ST/STM32CubeIDE_1.16.0/STM32CubeIDE/plugins/com.st.stm32cube.ide.mcu.externaltools.gnu-tools-for-stm32.12.3.rel1.win32_1.0.200.202406191623/tools/bin/../lib/gcc/arm-none-eabi/12.3.1/../../../../arm-none-eabi/lib/thumb/v7e-m+fp/hard\libc_nano.a(libc_a-fwalk.o)
                              C:/ST/STM32CubeIDE_1.16.0/STM32CubeIDE/plugins/com.st.stm32cube.ide.mcu.externaltools.gnu-tools-for-stm32.12.3.rel1.win32_1.0.200.202406191623/tools/bin/../lib/gcc/arm-none-eabi/12.3.1/../../../../arm-none-eabi/lib/thumb/v7e-m+fp/hard\libc_nano.a(libc_a-findfp.o) (_fwalk_sglue)
C:/ST/STM32CubeIDE_1.16.0/STM32CubeIDE/plugins/com.st.stm32cube.ide.mcu.externaltools.gnu-tools-for-stm32.12.3.rel1.win32_1.0.200.202406191623/tools/bin/../lib/gcc/arm-none-eabi/12.3.1/../../../../arm-none-eabi/lib/thumb/v7e-m+fp/hard\libc_nano.a(libc_a-sprintf.o)
                              ./Core/Src/main.o (sprintf)
C:/ST/STM32CubeIDE_1.16.0/STM32CubeIDE/plugins/com.st.stm32cube.ide.mcu.externaltools.gnu-tools-for-stm32.12.3.rel1.win32_1.0.200.202406191623/tools/bin/../lib/gcc/arm-none-eabi/12.3.1/../../../../arm-none-eabi/lib/thumb/v7e-m+fp/hard\libc_nano.a(libc_a-stdio.o)
                              C:/ST/STM32CubeIDE_1.16.0/STM32CubeIDE/plugins/com.st.stm32cube.ide.mcu.externaltools.gnu-tools-for-stm32.12.3.rel1.win32_1.0.200.202406191623/tools/bin/../lib/gcc/arm-none-eabi/12.3.1/../../../../arm-none-eabi/lib/thumb/v7e-m+fp/hard\libc_nano.a(libc_a-findfp.o) (__sread)
C:/ST/STM32CubeIDE_1.16.0/STM32CubeIDE/plugins/com.st.stm32cube.ide.mcu.externaltools.gnu-tools-for-stm32.12.3.rel1.win32_1.0.200.202406191623/tools/bin/../lib/gcc/arm-none-eabi/12.3.1/../../../../arm-none-eabi/lib/thumb/v7e-m+fp/hard\libc_nano.a(libc_a-memset.o)
                              C:/ST/STM32CubeIDE_1.16.0/STM32CubeIDE/plugins/com.st.stm32cube.ide.mcu.externaltools.gnu-tools-for-stm32.12.3.rel1.win32_1.0.200.202406191623/tools/bin/../lib/gcc/arm-none-eabi/12.3.1/../../../../arm-none-eabi/lib/thumb/v7e-m+fp/hard/crt0.o (memset)
C:/ST/STM32CubeIDE_1.16.0/STM32CubeIDE/plugins/com.st.stm32cube.ide.mcu.externaltools.gnu-tools-for-stm32.12.3.rel1.win32_1.0.200.202406191623/tools/bin/../lib/gcc/arm-none-eabi/12.3.1/../../../../arm-none-eabi/lib/thumb/v7e-m+fp/hard\libc_nano.a(libc_a-closer.o)
                              C:/ST/STM32CubeIDE_1.16.0/STM32CubeIDE/plugins/com.st.stm32cube.ide.mcu.externaltools.gnu-tools-for-stm32.12.3.rel1.win32_1.0.200.202406191623/tools/bin/../lib/gcc/arm-none-eabi/12.3.1/../../../../arm-none-eabi/lib/thumb/v7e-m+fp/hard\libc_nano.a(libc_a-stdio.o) (_close_r)
C:/ST/STM32CubeIDE_1.16.0/STM32CubeIDE/plugins/com.st.stm32cube.ide.mcu.externaltools.gnu-tools-for-stm32.12.3.rel1.win32_1.0.200.202406191623/tools/bin/../lib/gcc/arm-none-eabi/12.3.1/../../../../arm-none-eabi/lib/thumb/v7e-m+fp/hard\libc_nano.a(libc_a-reent.o)
                              C:/ST/STM32CubeIDE_1.16.0/STM32CubeIDE/plugins/com.st.stm32cube.ide.mcu.externaltools.gnu-tools-for-stm32.12.3.rel1.win32_1.0.200.202406191623/tools/bin/../lib/gcc/arm-none-eabi/12.3.1/../../../../arm-none-eabi/lib/thumb/v7e-m+fp/hard\libc_nano.a(libc_a-closer.o) (errno)
C:/ST/STM32CubeIDE_1.16.0/STM32CubeIDE/plugins/com.st.stm32cube.ide.mcu.externaltools.gnu-tools-for-stm32.12.3.rel1.win32_1.0.200.202406191623/tools/bin/../lib/gcc/arm-none-eabi/12.3.1/../../../../arm-none-eabi/lib/thumb/v7e-m+fp/hard\libc_nano.a(libc_a-impure.o)
                              C:/ST/STM32CubeIDE_1.16.0/STM32CubeIDE/plugins/com.st.stm32cube.ide.mcu.externaltools.gnu-tools-for-stm32.12.3.rel1.win32_1.0.200.202406191623/tools/bin/../lib/gcc/arm-none-eabi/12.3.1/../../../../arm-none-eabi/lib/thumb/v7e-m+fp/hard\libc_nano.a(libc_a-sprintf.o) (_impure_ptr)
[...]
Memory Configuration

Name             Origin             Length             Attributes
RAM              0x20000000         0x00020000         xrw
FLASH            0x08000000         0x00080000         xr
*default*        0x00000000         0xffffffff

Linker script and memory map

LOAD C:/ST/STM32CubeIDE_1.16.0/STM32CubeIDE/plugins/com.st.stm32cube.ide.mcu.externaltools.gnu-tools-for-stm32.12.3.rel1.win32_1.0.200.202406191623/tools/bin/../lib/gcc/arm-none-eabi/12.3.1/thumb/v7e-m+fp/hard/crti.o
LOAD C:/ST/STM32CubeIDE_1.16.0/STM32CubeIDE/plugins/com.st.stm32cube.ide.mcu.externaltools.gnu-tools-for-stm32.12.3.rel1.win32_1.0.200.202406191623/tools/bin/../lib/gcc/arm-none-eabi/12.3.1/thumb/v7e-m+fp/hard/crtbegin.o
LOAD C:/ST/STM32CubeIDE_1.16.0/STM32CubeIDE/plugins/com.st.stm32cube.ide.mcu.externaltools.gnu-tools-for-stm32.12.3.rel1.win32_1.0.200.202406191623/tools/bin/../lib/gcc/arm-none-eabi/12.3.1/../../../../arm-none-eabi/lib/thumb/v7e-m+fp/hard/crt0.o
LOAD ./Core/Src/fatfs_sd.o
LOAD ./Core/Src/font.o
LOAD ./Core/Src/graficos.o
LOAD ./Core/Src/ili9341.o
LOAD ./Core/Src/main.o
LOAD ./Core/Src/stm32f4xx_hal_msp.o
LOAD ./Core/Src/stm32f4xx_it.o
LOAD ./Core/Src/syscalls.o
LOAD ./Core/Src/sysmem.o
LOAD ./Core/Src/system_stm32f4xx.o
LOAD ./Core/Startup/startup_stm32f446retx.o
LOAD ./Drivers/STM32F4xx_HAL_Driver/Src/stm32f4xx_hal.o
LOAD ./Drivers/STM32F4xx_HAL_Driver/Src/stm32f4xx_hal_cortex.o
LOAD ./Drivers/STM32F4xx_HAL_Driver/Src/stm32f4xx_hal_dma.o
LOAD ./Drivers/STM32F4xx_HAL_Driver/Src/stm32f4xx_hal_dma_ex.o
LOAD ./Drivers/STM32F4xx_HAL_Driver/Src/stm32f4xx_hal_exti.o
LOAD ./Drivers/STM32F4xx_HAL_Driver/Src/stm32f4xx_hal_flash.o
LOAD ./Drivers/STM32F4xx_HAL_Driver/Src/stm32f4xx_hal_flash_ex.o
LOAD ./Drivers/STM32F4xx_HAL_Driver/Src/stm32f4xx_hal_flash_ramfunc.o
LOAD ./Drivers/STM32F4xx_HAL_Driver/Src/stm32f4xx_hal_gpio.o
LOAD ./Drivers/STM32F4xx_HAL_Driver/Src/stm32f4xx_hal_pwr.o
LOAD ./Drivers/STM32F4xx_HAL_Driver/Src/stm32f4xx_hal_pwr_ex.o
LOAD ./Drivers/STM32F4xx_HAL_Driver/Src/stm32f4xx_hal_rcc.o
LOAD ./Drivers/STM32F4xx_HAL_Driver/Src/stm32f4xx_hal_rcc_ex.o
LOAD ./Drivers/STM32F4xx_HAL_Driver/Src/stm32f4xx_hal_spi.o
LOAD ./Drivers/STM32F4xx_HAL_Driver/Src/stm32f4xx_hal_tim.o
LOAD ./Drivers/STM32F4xx_HAL_Driver/Src/stm32f4xx_hal_tim_ex.o
LOAD ./Drivers/STM32F4xx_HAL_Driver/Src/stm32f4xx_hal_uart.o
LOAD ./FATFS/App/fatfs.o
LOAD ./FATFS/Target/user_diskio.o
LOAD ./Middlewares/Third_Party/FatFs/src/diskio.o
LOAD ./Middlewares/Third_Party/FatFs/src/ff.o
LOAD ./Middlewares/Third_Party/FatFs/src/ff_gen_drv.o
LOAD ./Middlewares/Third_Party/FatFs/src/option/ccsbcs.o
LOAD ./Middlewares/Third_Party/FatFs/src/option/syscall.o
START GROUP
LOAD C:/ST/STM32CubeIDE_1.16.0/STM32CubeIDE/plugins/com.st.stm32cube.ide.mcu.externaltools.gnu-tools-for-stm32.12.3.rel1.win32_1.0.200.202406191623/tools/bin/../lib/gcc/arm-none-eabi/12.3.1/../../../../arm-none-eabi/lib/thumb/v7e-m+fp/hard\libc_nano.a
LOAD C:/ST/STM32CubeIDE_1.16.0/STM32CubeIDE/plugins/com.st.stm32cube.ide.mcu.externaltools.gnu-tools-for-stm32.12.3.rel1.win32_1.0.200.202406191623/tools/bin/../lib/gcc/arm-none-eabi/12.3.1/../../../../arm-none-eabi/lib/thumb/v7e-m+fp/hard\libm.a
END GROUP
START GROUP
LOAD C:/ST/STM32CubeIDE_1.16.0/STM32CubeIDE/plugins/com.st.stm32cube.ide.mcu.externaltools.gnu-tools-for-stm32.12.3.rel1.win32_1.0.200.202406191623/tools/bin/../lib/gcc/arm-none-eabi/12.3.1/thumb/v7e-m+fp/hard\libgcc.a
LOAD C:/ST/STM32CubeIDE_1.16.0/STM32CubeIDE/plugins/com.st.stm32cube.ide.mcu.externaltools.gnu-tools-for-stm32.12.3.rel1.win32_1.0.200.202406191623/tools/bin/../lib/gcc/arm-none-eabi/12.3.1/../../../../arm-none-eabi/lib/thumb/v7e-m+fp/hard\libc_nano.a
END GROUP
START GROUP
LOAD C:/ST/STM32CubeIDE_1.16.0/STM32CubeIDE/plugins/com.st.stm32cube.ide.mcu.externaltools.gnu-tools-for-stm32.12.3.rel1.win32_1.0.200.202406191623/tools/bin/../lib/gcc/arm-none-eabi/12.3.1/thumb/v7e-m+fp/hard\libgcc.a
LOAD C:/ST/STM32CubeIDE_1.16.0/STM32CubeIDE/plugins/com.st.stm32cube.ide.mcu.externaltools.gnu-tools-for-stm32.12.3.rel1.win32_1.0.200.202406191623/tools/bin/../lib/gcc/arm-none-eabi/12.3.1/../../../../arm-none-eabi/lib/thumb/v7e-m+fp/hard\libc_nano.a
LOAD C:/ST/STM32CubeIDE_1.16.0/STM32CubeIDE/plugins/com.st.stm32cube.ide.mcu.externaltools.gnu-tools-for-stm32.12.3.rel1.win32_1.0.200.202406191623/tools/bin/../lib/gcc/arm-none-eabi/12.3.1/../../../../arm-none-eabi/lib/thumb/v7e-m+fp/hard\libnosys.a
END GROUP
START GROUP
LOAD C:/ST/STM32CubeIDE_1.16.0/STM32CubeIDE/plugins/com.st.stm32cube.ide.mcu.externaltools.gnu-tools-for-stm32.12.3.rel1.win32_1.0.200.202406191623/tools/bin/../lib/gcc/arm-none-eabi/12.3.1/thumb/v7e-m+fp/hard\libgcc.a
LOAD C:/ST/STM32CubeIDE_1.16.0/STM32CubeIDE/plugins/com.st.stm32cube.ide.mcu.externaltools.gnu-tools-for-stm32.12.3.rel1.win32_1.0.200.202406191623/tools/bin/../lib/gcc/arm-none-eabi/12.3.1/../../../../arm-none-eabi/lib/thumb/v7e-m+fp/hard\libc_nano.a
LOAD C:/ST/STM32CubeIDE_1.16.0/STM32CubeIDE/plugins/com.st.stm32cube.ide.mcu.externaltools.gnu-tools-for-stm32.12.3.rel1.win32_1.0.200.202406191623/tools/bin/../lib/gcc/arm-none-eabi/12.3.1/../../../../arm-none-eabi/lib/thumb/v7e-m+fp/hard\libnosys.a
END GROUP
LOAD C:/ST/STM32CubeIDE_1.16.0/STM32CubeIDE/plugins/com.st.stm32cube.ide.mcu.externaltools.gnu-tools-for-stm32.12.3.rel1.win32_1.0.200.202406191623/tools/bin/../lib/gcc/arm-none-eabi/12.3.1/thumb/v7e-m+fp/hard/crtend.o
LOAD C:/ST/STM32CubeIDE_1.16.0/STM32CubeIDE/plugins/com.st.stm32cube.ide.mcu.externaltools.gnu-tools-for-stm32.12.3.rel1.win32_1.0.200.202406191623/tools/bin/../lib/gcc/arm-none-eabi/12.3.1/thumb/v7e-m+fp/hard/crtn.o
                0x20020000                        _estack = (ORIGIN (RAM) + LENGTH (RAM))
                0x00000200                        _Min_Heap_Size = 0x200
                0x00000400                        _Min_Stack_Size = 0x400

.isr_vector     0x08000000      0x1c4
                0x08000000                        . = ALIGN (0x4)
 *(.isr_vector)
 .isr_vector    0x08000000      0x1c4 ./Core/Startup/startup_stm32f446retx.o
                0x08000000                g_pfnVectors
                0x080001c4                        . = ALIGN (0x4)

.text           0x080001d0     0x948c
                0x080001d0                        . = ALIGN (0x4)
 *(.text)
 .text          0x080001d0       0x40 C:/ST/STM32CubeIDE_1.16.0/STM32CubeIDE/plugins/com.st.stm32cube.ide.mcu.externaltools.gnu-tools-for-stm32.12.3.rel1.win32_1.0.200.202406191623/tools/bin/../lib/gcc/arm-none-eabi/12.3.1/thumb/v7e-m+fp/hard/crtbegin.o
 .text          0x08000210       0x10 C:/ST/STM32CubeIDE_1.16.0/STM32CubeIDE/plugins/com.st.stm32cube.ide.mcu.externaltools.gnu-tools-for-stm32.12.3.rel1.win32_1.0.200.202406191623/tools/bin/../lib/gcc/arm-none-eabi/12.3.1/../../../../arm-none-eabi/lib/thumb/v7e-m+fp/hard\libc_nano.a(libc_a-strlen.o)
                0x08000210                strlen
 .text          0x08000220       0xa0 C:/ST/STM32CubeIDE_1.16.0/STM32CubeIDE/plugins/com.st.stm32cube.ide.mcu.externaltools.gnu-tools-for-stm32.12.3.rel1.win32_1.0.200.202406191623/tools/bin/../lib/gcc/arm-none-eabi/12.3.1/../../../../arm-none-eabi/lib/thumb/v7e-m+fp/hard\libc_nano.a(libc_a-memchr.o)
                0x08000220                memchr
 .text          0x080002c0       0x30 C:/ST/STM32CubeIDE_1.16.0/STM32CubeIDE/plugins/com.st.stm32cube.ide.mcu.externaltools.gnu-tools-for-stm32.12.3.rel1.win32_1.0.200.202406191623/tools/bin/../lib/gcc/arm-none-eabi/12.3.1/thumb/v7e-m+fp/hard\libgcc.a(_aeabi_uldivmod.o)
                0x080002c0                __aeabi_uldivmod
 .text          0x080002f0      0x2bc C:/ST/STM32CubeIDE_1.16.0/STM32CubeIDE/plugins/com.st.stm32cube.ide.mcu.externaltools.gnu-tools-for-stm32.12.3.rel1.win32_1.0.200.202406191623/tools/bin/../lib/gcc/arm-none-eabi/12.3.1/thumb/v7e-m+fp/hard\libgcc.a(_udivmoddi4.o)
                0x080002f0                __udivmoddi4
 .text          0x080005ac        0x4 C:/ST/STM32CubeIDE_1.16.0/STM32CubeIDE/plugins/com.st.stm32cube.ide.mcu.externaltools.gnu-tools-for-stm32.12.3.rel1.win32_1.0.200.202406191623/tools/bin/../lib/gcc/arm-none-eabi/12.3.1/thumb/v7e-m+fp/hard\libgcc.a(_dvmd_tls.o)
                0x080005ac                __aeabi_idiv0
                0x080005ac                __aeabi_ldiv0
 *(.text*)
 .text.LCD_Init
                0x080005b0      0x1f8 ./Core/Src/ili9341.o
                0x080005b0                LCD_Init
 .text.LCD_CMD  0x080007a8      0x14c ./Core/Src/ili9341.o
                0x080007a8                LCD_CMD
 .text.LCD_DATA
                0x080008f4      0x14c ./Core/Src/ili9341.o
                0x080008f4                LCD_DATA
 .text.SetWindows
                0x08000a40       0x80 ./Core/Src/ili9341.o
                0x08000a40                SetWindows
 .text.LCD_Clear
                0x08000ac0       0x88 ./Core/Src/ili9341.o
                0x08000ac0                LCD_Clear
 .text.FillRect
                0x08000b48       0xb4 ./Core/Src/ili9341.o
                0x08000b48                FillRect
 .text.LCD_Print
                0x08000bfc      0x1d8 ./Core/Src/ili9341.o
                0x08000bfc                LCD_Print
 .text.LCD_Bitmap
                0x08000dd4       0xb4 ./Core/Src/ili9341.o
                0x08000dd4                LCD_Bitmap
 .text.LCD_Sprite
                0x08000e88      0x158 ./Core/Src/ili9341.o
                0x08000e88                LCD_Sprite
 .text.disparar_balaJ1.1
                0x08000fe0       0xa0 ./Core/Src/main.o
 .text.main     0x08001080     0x1514 ./Core/Src/main.o
                0x08001080                main
 .text.disparar_balaJ2.6
                0x08002594       0xa4 ./Core/Src/main.o
 .text.detectar_colisionJ1.3
                0x08002638       0x88 ./Core/Src/main.o
 .text.detectar_colisionJ2.8
                0x080026c0       0x88 ./Core/Src/main.o
 .text.mostrar_vidasJ1.9
                0x08002748       0x44 ./Core/Src/main.o
 .text.mostrar_vidasJ2.4
                0x0800278c       0x44 ./Core/Src/main.o
 .text.mover_balaJ1.2
                0x080027d0      0x1cc ./Core/Src/main.o
 .text.mover_balaJ2.7
                0x0800299c      0x1c4 ./Core/Src/main.o
 .text.Jugador1.0
                0x08002b60      0x64c ./Core/Src/main.o
 .text.Jugador2.5
                0x080031ac      0x654 ./Core/Src/main.o
 .text.SystemClock_Config
                0x08003800       0xd8 ./Core/Src/main.o
                0x08003800                SystemClock_Config
 .text.MX_SPI1_Init
                0x080038d8       0x6c ./Core/Src/main.o
 .text.MX_UART5_Init
                0x08003944       0x54 ./Core/Src/main.o
 .text.MX_USART2_UART_Init
                0x08003998       0x54 ./Core/Src/main.o
 .text.MX_USART3_UART_Init
                0x080039ec       0x54 ./Core/Src/main.o
 .text.MX_GPIO_Init
                0x08003a40      0x134 ./Core/Src/main.o
 .text.transmit_uart3
                0x08003b74       0x2c ./Core/Src/main.o
                0x08003b74                transmit_uart3
 .text.transmit_uart5
                0x08003ba0       0x2c ./Core/Src/main.o
                0x08003ba0                transmit_uart5
 .text.check_konami_code1
                0x08003bcc       0x64 ./Core/Src/main.o
                0x08003bcc                check_konami_code1
 .text.check_konami_code2
                0x08003c30       0x64 ./Core/Src/main.o
                0x08003c30                check_konami_code2
 .text.HAL_UART_RxCpltCallback
                0x08003c94     0x1c9c ./Core/Src/main.o
                0x08003c94                HAL_UART_RxCpltCallback
 .text.Error_Handler
                0x08005930        0xc ./Core/Src/main.o
                0x08005930                Error_Handler
 .text.HAL_MspInit
                0x0800593c       0x50 ./Core/Src/stm32f4xx_hal_msp.o
                0x0800593c                HAL_MspInit
 .text.HAL_SPI_MspInit
                0x0800598c       0x90 ./Core/Src/stm32f4xx_hal_msp.o
                0x0800598c                HAL_SPI_MspInit
 .text.HAL_UART_MspInit
                0x08005a1c      0x1d8 ./Core/Src/stm32f4xx_hal_msp.o
                0x08005a1c                HAL_UART_MspInit
 .text.NMI_Handler
                0x08005bf4        0x8 ./Core/Src/stm32f4xx_it.o
                0x08005bf4                NMI_Handler
 .text.HardFault_Handler
                0x08005bfc        0x8 ./Core/Src/stm32f4xx_it.o
                0x08005bfc                HardFault_Handler
 .text.MemManage_Handler
                0x08005c04        0x8 ./Core/Src/stm32f4xx_it.o
                0x08005c04                MemManage_Handler
 .text.BusFault_Handler
                0x08005c0c        0x8 ./Core/Src/stm32f4xx_it.o
                0x08005c0c                BusFault_Handler
 .text.UsageFault_Handler
                0x08005c14        0x8 ./Core/Src/stm32f4xx_it.o
                0x08005c14                UsageFault_Handler
 .text.SVC_Handler
                0x08005c1c        0xe ./Core/Src/stm32f4xx_it.o
                0x08005c1c                SVC_Handler
 .text.DebugMon_Handler
                0x08005c2a        0xe ./Core/Src/stm32f4xx_it.o
                0x08005c2a                DebugMon_Handler
 .text.PendSV_Handler
                0x08005c38        0xe ./Core/Src/stm32f4xx_it.o
                0x08005c38                PendSV_Handler
 .text.SysTick_Handler
                0x08005c46        0xc ./Core/Src/stm32f4xx_it.o
                0x08005c46                SysTick_Handler
 *fill*         0x08005c52        0x2 
 .text.USART2_IRQHandler
                0x08005c54       0x14 ./Core/Src/stm32f4xx_it.o
                0x08005c54                USART2_IRQHandler
 .text.USART3_IRQHandler
                0x08005c68       0x14 ./Core/Src/stm32f4xx_it.o
                0x08005c68                USART3_IRQHandler
 .text.UART5_IRQHandler
                0x08005c7c       0x14 ./Core/Src/stm32f4xx_it.o
                0x08005c7c                UART5_IRQHandler
 .text._sbrk    0x08005c90       0x6c ./Core/Src/sysmem.o
                0x08005c90                _sbrk
 .text.SystemInit
                0x08005cfc       0x24 ./Core/Src/system_stm32f4xx.o
                0x08005cfc                SystemInit
 .text.Reset_Handler
                0x08005d20       0x50 ./Core/Startup/startup_stm32f446retx.o
                0x08005d20                Reset_Handler
 .text.Default_Handler
                0x08005d70        0x2 ./Core/Startup/startup_stm32f446retx.o
                0x08005d70                RTC_Alarm_IRQHandler
                0x08005d70                EXTI2_IRQHandler
                0x08005d70                TIM8_CC_IRQHandler
                0x08005d70                FMPI2C1_EV_IRQHandler
                0x08005d70                SPI4_IRQHandler
                0x08005d70                TIM1_CC_IRQHandler
                0x08005d70                DMA2_Stream5_IRQHandler
                0x08005d70                DMA1_Stream5_IRQHandler
                0x08005d70                PVD_IRQHandler
                0x08005d70                SDIO_IRQHandler
                0x08005d70                TAMP_STAMP_IRQHandler
                0x08005d70                CAN2_RX1_IRQHandler
                0x08005d70                EXTI3_IRQHandler
                0x08005d70                TIM8_TRG_COM_TIM14_IRQHandler
                0x08005d70                TIM1_UP_TIM10_IRQHandler
                0x08005d70                TIM8_UP_TIM13_IRQHandler
                0x08005d70                I2C3_ER_IRQHandler
                0x08005d70                EXTI0_IRQHandler
                0x08005d70                I2C2_EV_IRQHandler
                0x08005d70                DMA1_Stream2_IRQHandler
                0x08005d70                CAN1_RX0_IRQHandler
                0x08005d70                FPU_IRQHandler
                0x08005d70                OTG_HS_WKUP_IRQHandler
                0x08005d70                CAN2_SCE_IRQHandler
                0x08005d70                DMA2_Stream2_IRQHandler
                0x08005d70                SPI1_IRQHandler
                0x08005d70                TIM6_DAC_IRQHandler
                0x08005d70                TIM1_BRK_TIM9_IRQHandler
                0x08005d70                DCMI_IRQHandler
                0x08005d70                CAN2_RX0_IRQHandler
                0x08005d70                DMA2_Stream3_IRQHandler
                0x08005d70                SAI2_IRQHandler
                0x08005d70                USART6_IRQHandler
                0x08005d70                CAN1_RX1_IRQHandler
                0x08005d70                DMA2_Stream0_IRQHandler
                0x08005d70                TIM4_IRQHandler
                0x08005d70                QUADSPI_IRQHandler
                0x08005d70                I2C1_EV_IRQHandler
                0x08005d70                DMA1_Stream6_IRQHandler
                0x08005d70                DMA1_Stream1_IRQHandler
                0x08005d70                UART4_IRQHandler
                0x08005d70                TIM3_IRQHandler
                0x08005d70                RCC_IRQHandler
                0x08005d70                TIM8_BRK_TIM12_IRQHandler
                0x08005d70                Default_Handler
                0x08005d70                CEC_IRQHandler
                0x08005d70                EXTI15_10_IRQHandler
                0x08005d70                ADC_IRQHandler
                0x08005d70                DMA1_Stream7_IRQHandler
                0x08005d70                TIM7_IRQHandler
                0x08005d70                CAN2_TX_IRQHandler
                0x08005d70                TIM5_IRQHandler
                0x08005d70                DMA2_Stream7_IRQHandler
                0x08005d70                I2C3_EV_IRQHandler
                0x08005d70                EXTI9_5_IRQHandler
                0x08005d70                RTC_WKUP_IRQHandler
                0x08005d70                SPDIF_RX_IRQHandler
                0x08005d70                SPI2_IRQHandler
                0x08005d70                OTG_HS_EP1_IN_IRQHandler
                0x08005d70                DMA1_Stream0_IRQHandler
                0x08005d70                CAN1_TX_IRQHandler
                0x08005d70                FMPI2C1_ER_IRQHandler
                0x08005d70                EXTI4_IRQHandler
                0x08005d70                OTG_HS_EP1_OUT_IRQHandler
                0x08005d70                WWDG_IRQHandler
                0x08005d70                TIM2_IRQHandler
                0x08005d70                OTG_FS_WKUP_IRQHandler
                0x08005d70                TIM1_TRG_COM_TIM11_IRQHandler
                0x08005d70                OTG_HS_IRQHandler
                0x08005d70                EXTI1_IRQHandler
                0x08005d70                I2C2_ER_IRQHandler
                0x08005d70                DMA2_Stream1_IRQHandler
                0x08005d70                CAN1_SCE_IRQHandler
                0x08005d70                FLASH_IRQHandler
                0x08005d70                DMA2_Stream4_IRQHandler
                0x08005d70                USART1_IRQHandler
                0x08005d70                OTG_FS_IRQHandler
                0x08005d70                SPI3_IRQHandler
                0x08005d70                DMA1_Stream4_IRQHandler
                0x08005d70                I2C1_ER_IRQHandler
                0x08005d70                FMC_IRQHandler
                0x08005d70                DMA2_Stream6_IRQHandler
                0x08005d70                SAI1_IRQHandler
                0x08005d70                DMA1_Stream3_IRQHandler
 *fill*         0x08005d72        0x2 
 .text.HAL_Init
                0x08005d74       0x44 ./Drivers/STM32F4xx_HAL_Driver/Src/stm32f4xx_hal.o
                0x08005d74                HAL_Init
 .text.HAL_InitTick
                0x08005db8       0x60 ./Drivers/STM32F4xx_HAL_Driver/Src/stm32f4xx_hal.o
                0x08005db8                HAL_InitTick
 .text.HAL_IncTick
                0x08005e18       0x28 ./Drivers/STM32F4xx_HAL_Driver/Src/stm32f4xx_hal.o
                0x08005e18                HAL_IncTick
 .text.HAL_GetTick
                0x08005e40       0x18 ./Drivers/STM32F4xx_HAL_Driver/Src/stm32f4xx_hal.o
                0x08005e40                HAL_GetTick
 .text.HAL_Delay
                0x08005e58       0x48 ./Drivers/STM32F4xx_HAL_Driver/Src/stm32f4xx_hal.o
                0x08005e58                HAL_Delay
 .text.__NVIC_SetPriorityGrouping
                0x08005ea0       0x48 ./Drivers/STM32F4xx_HAL_Driver/Src/stm32f4xx_hal_cortex.o
 .text.__NVIC_GetPriorityGrouping
                0x08005ee8       0x1c ./Drivers/STM32F4xx_HAL_Driver/Src/stm32f4xx_hal_cortex.o
 .text.__NVIC_EnableIRQ
                0x08005f04       0x3c ./Drivers/STM32F4xx_HAL_Driver/Src/stm32f4xx_hal_cortex.o
 .text.__NVIC_SetPriority
                0x08005f40       0x54 ./Drivers/STM32F4xx_HAL_Driver/Src/stm32f4xx_hal_cortex.o
 .text.NVIC_EncodePriority
                0x08005f94       0x66 ./Drivers/STM32F4xx_HAL_Driver/Src/stm32f4xx_hal_cortex.o
 *fill*         0x08005ffa        0x2 
 .text.SysTick_Config
                0x08005ffc       0x44 ./Drivers/STM32F4xx_HAL_Driver/Src/stm32f4xx_hal_cortex.o
 .text.HAL_NVIC_SetPriorityGrouping
                0x08006040       0x16 ./Drivers/STM32F4xx_HAL_Driver/Src/stm32f4xx_hal_cortex.o
                0x08006040                HAL_NVIC_SetPriorityGrouping
 .text.HAL_NVIC_SetPriority
                0x08006056       0x38 ./Drivers/STM32F4xx_HAL_Driver/Src/stm32f4xx_hal_cortex.o
                0x08006056                HAL_NVIC_SetPriority
 .text.HAL_NVIC_EnableIRQ
                0x0800608e       0x1c ./Drivers/STM32F4xx_HAL_Driver/Src/stm32f4xx_hal_cortex.o
                0x0800608e                HAL_NVIC_EnableIRQ
 .text.HAL_SYSTICK_Config
                0x080060aa       0x18 ./Drivers/STM32F4xx_HAL_Driver/Src/stm32f4xx_hal_cortex.o
                0x080060aa                HAL_SYSTICK_Config
 .text.HAL_DMA_Abort
                0x080060c2       0xe0 ./Drivers/STM32F4xx_HAL_Driver/Src/stm32f4xx_hal_dma.o
                0x080060c2                HAL_DMA_Abort
 .text.HAL_DMA_Abort_IT
                0x080061a2       0x44 ./Drivers/STM32F4xx_HAL_Driver/Src/stm32f4xx_hal_dma.o
                0x080061a2                HAL_DMA_Abort_IT
 *fill*         0x080061e6        0x2 
 .text.HAL_GPIO_Init
                0x080061e8      0x328 ./Drivers/STM32F4xx_HAL_Driver/Src/stm32f4xx_hal_gpio.o
                0x080061e8                HAL_GPIO_Init
 .text.HAL_GPIO_WritePin
                0x08006510       0x32 ./Drivers/STM32F4xx_HAL_Driver/Src/stm32f4xx_hal_gpio.o
                0x08006510                HAL_GPIO_WritePin
 *fill*         0x08006542        0x2 
 .text.HAL_RCC_ClockConfig
                0x08006544      0x1cc ./Drivers/STM32F4xx_HAL_Driver/Src/stm32f4xx_hal_rcc.o
                0x08006544                HAL_RCC_ClockConfig
 .text.HAL_RCC_GetHCLKFreq
                0x08006710       0x18 ./Drivers/STM32F4xx_HAL_Driver/Src/stm32f4xx_hal_rcc.o
                0x08006710                HAL_RCC_GetHCLKFreq
 .text.HAL_RCC_GetPCLK1Freq
                0x08006728       0x28 ./Drivers/STM32F4xx_HAL_Driver/Src/stm32f4xx_hal_rcc.o
                0x08006728                HAL_RCC_GetPCLK1Freq
 .text.HAL_RCC_GetPCLK2Freq
                0x08006750       0x28 ./Drivers/STM32F4xx_HAL_Driver/Src/stm32f4xx_hal_rcc.o
                0x08006750                HAL_RCC_GetPCLK2Freq
 .text.HAL_RCC_GetSysClockFreq
                0x08006778      0x354 ./Drivers/STM32F4xx_HAL_Driver/Src/stm32f4xx_hal_rcc_ex.o
                0x08006778                HAL_RCC_GetSysClockFreq
 .text.HAL_RCC_OscConfig
                0x08006acc      0x53c ./Drivers/STM32F4xx_HAL_Driver/Src/stm32f4xx_hal_rcc_ex.o
                0x08006acc                HAL_RCC_OscConfig
 .text.HAL_SPI_Init
                0x08007008      0x112 ./Drivers/STM32F4xx_HAL_Driver/Src/stm32f4xx_hal_spi.o
                0x08007008                HAL_SPI_Init
 .text.HAL_UART_Init
                0x0800711a       0xa0 ./Drivers/STM32F4xx_HAL_Driver/Src/stm32f4xx_hal_uart.o
                0x0800711a                HAL_UART_Init
 .text.HAL_UART_Transmit
                0x080071ba      0x116 ./Drivers/STM32F4xx_HAL_Driver/Src/stm32f4xx_hal_uart.o
                0x080071ba                HAL_UART_Transmit
 .text.HAL_UART_Receive_IT
                0x080072d0       0x4a ./Drivers/STM32F4xx_HAL_Driver/Src/stm32f4xx_hal_uart.o
                0x080072d0                HAL_UART_Receive_IT
 *fill*         0x0800731a        0x2 
 .text.HAL_UART_IRQHandler
                0x0800731c      0x524 ./Drivers/STM32F4xx_HAL_Driver/Src/stm32f4xx_hal_uart.o
                0x0800731c                HAL_UART_IRQHandler
 .text.HAL_UART_TxCpltCallback
                0x08007840       0x14 ./Drivers/STM32F4xx_HAL_Driver/Src/stm32f4xx_hal_uart.o
                0x08007840                HAL_UART_TxCpltCallback
 .text.HAL_UART_ErrorCallback
                0x08007854       0x14 ./Drivers/STM32F4xx_HAL_Driver/Src/stm32f4xx_hal_uart.o
                0x08007854                HAL_UART_ErrorCallback
 .text.HAL_UARTEx_RxEventCallback
                0x08007868       0x18 ./Drivers/STM32F4xx_HAL_Driver/Src/stm32f4xx_hal_uart.o
                0x08007868                HAL_UARTEx_RxEventCallback
 .text.UART_WaitOnFlagUntilTimeout
                0x08007880       0xb2 ./Drivers/STM32F4xx_HAL_Driver/Src/stm32f4xx_hal_uart.o
 .text.UART_Start_Receive_IT
                0x08007932       0x74 ./Drivers/STM32F4xx_HAL_Driver/Src/stm32f4xx_hal_uart.o
                0x08007932                UART_Start_Receive_IT
 .text.UART_EndRxTransfer
                0x080079a6       0xc6 ./Drivers/STM32F4xx_HAL_Driver/Src/stm32f4xx_hal_uart.o
 .text.UART_DMAAbortOnError
                0x08007a6c       0x28 ./Drivers/STM32F4xx_HAL_Driver/Src/stm32f4xx_hal_uart.o
 .text.UART_Transmit_IT
                0x08007a94       0xa0 ./Drivers/STM32F4xx_HAL_Driver/Src/stm32f4xx_hal_uart.o
 .text.UART_EndTransmit_IT
                0x08007b34       0x30 ./Drivers/STM32F4xx_HAL_Driver/Src/stm32f4xx_hal_uart.o
 .text.UART_Receive_IT
                0x08007b64      0x17c ./Drivers/STM32F4xx_HAL_Driver/Src/stm32f4xx_hal_uart.o
 .text.UART_SetConfig
                0x08007ce0      0x4e8 ./Drivers/STM32F4xx_HAL_Driver/Src/stm32f4xx_hal_uart.o
 .text.MX_FATFS_Init
                0x080081c8       0x24 ./FATFS/App/fatfs.o
                0x080081c8                MX_FATFS_Init
 .text.USER_initialize
                0x080081ec       0x28 ./FATFS/Target/user_diskio.o
                0x080081ec                USER_initialize
 .text.USER_status
                0x08008214       0x28 ./FATFS/Target/user_diskio.o
                0x08008214                USER_status
 .text.USER_read
                0x0800823c       0x1e ./FATFS/Target/user_diskio.o
                0x0800823c                USER_read
 .text.USER_write
                0x0800825a       0x1e ./FATFS/Target/user_diskio.o
                0x0800825a                USER_write
 .text.USER_ioctl
                0x08008278       0x22 ./FATFS/Target/user_diskio.o
                0x08008278                USER_ioctl
 *fill*         0x0800829a        0x2 
 .text.disk_status
                0x0800829c       0x34 ./Middlewares/Third_Party/FatFs/src/diskio.o
                0x0800829c                disk_status
 .text.disk_initialize
                0x080082d0       0x50 ./Middlewares/Third_Party/FatFs/src/diskio.o
                0x080082d0                disk_initialize
 .text.disk_read
                0x08008320       0x40 ./Middlewares/Third_Party/FatFs/src/diskio.o
                0x08008320                disk_read
 .text.disk_write
                0x08008360       0x40 ./Middlewares/Third_Party/FatFs/src/diskio.o
                0x08008360                disk_write
 .text.disk_ioctl
                0x080083a0       0x3c ./Middlewares/Third_Party/FatFs/src/diskio.o
                0x080083a0                disk_ioctl
 .text.ld_word  0x080083dc       0x30 ./Middlewares/Third_Party/FatFs/src/ff.o
 .text.ld_dword
                0x0800840c       0x46 ./Middlewares/Third_Party/FatFs/src/ff.o
 *fill*         0x08008452        0x2 
 .text.clear_lock
                0x08008454       0x48 ./Middlewares/Third_Party/FatFs/src/ff.o
 .text.sync_window
                0x0800849c       0x88 ./Middlewares/Third_Party/FatFs/src/ff.o
 .text.move_window
                0x08008524       0x5a ./Middlewares/Third_Party/FatFs/src/ff.o
 .text.get_ldnumber
                0x0800857e       0x88 ./Middlewares/Third_Party/FatFs/src/ff.o
 *fill*         0x08008606        0x2 
 .text.check_fs
                0x08008608       0xac ./Middlewares/Third_Party/FatFs/src/ff.o
 .text.find_volume
                0x080086b4      0x50c ./Middlewares/Third_Party/FatFs/src/ff.o
 .text.f_mount  0x08008bc0       0x8c ./Middlewares/Third_Party/FatFs/src/ff.o
                0x08008bc0                f_mount
 .text.FATFS_LinkDriverEx
                0x08008c4c       0x98 ./Middlewares/Third_Party/FatFs/src/ff_gen_drv.o
                0x08008c4c                FATFS_LinkDriverEx
 .text.FATFS_LinkDriver
                0x08008ce4       0x1e ./Middlewares/Third_Party/FatFs/src/ff_gen_drv.o
                0x08008ce4                FATFS_LinkDriver
 *fill*         0x08008d02        0x2 
 .text.sprintf  0x08008d04       0x40 C:/ST/STM32CubeIDE_1.16.0/STM32CubeIDE/plugins/com.st.stm32cube.ide.mcu.externaltools.gnu-tools-for-stm32.12.3.rel1.win32_1.0.200.202406191623/tools/bin/../lib/gcc/arm-none-eabi/12.3.1/../../../../arm-none-eabi/lib/thumb/v7e-m+fp/hard\libc_nano.a(libc_a-sprintf.o)
                0x08008d04                siprintf
                0x08008d04                sprintf
 .text.memset   0x08008d44       0x10 C:/ST/STM32CubeIDE_1.16.0/STM32CubeIDE/plugins/com.st.stm32cube.ide.mcu.externaltools.gnu-tools-for-stm32.12.3.rel1.win32_1.0.200.202406191623/tools/bin/../lib/gcc/arm-none-eabi/12.3.1/../../../../arm-none-eabi/lib/thumb/v7e-m+fp/hard\libc_nano.a(libc_a-memset.o)
                0x08008d44                memset
 .text.__errno  0x08008d54        0xc C:/ST/STM32CubeIDE_1.16.0/STM32CubeIDE/plugins/com.st.stm32cube.ide.mcu.externaltools.gnu-tools-for-stm32.12.3.rel1.win32_1.0.200.202406191623/tools/bin/../lib/gcc/arm-none-eabi/12.3.1/../../../../arm-none-eabi/lib/thumb/v7e-m+fp/hard\libc_nano.a(libc_a-errno.o)
                0x08008d54                __errno
 .text.__libc_init_array
                0x08008d60       0x48 C:/ST/STM32CubeIDE_1.16.0/STM32CubeIDE/plugins/com.st.stm32cube.ide.mcu.externaltools.gnu-tools-for-stm32.12.3.rel1.win32_1.0.200.202406191623/tools/bin/../lib/gcc/arm-none-eabi/12.3.1/../../../../arm-none-eabi/lib/thumb/v7e-m+fp/hard\libc_nano.a(libc_a-init.o)
                0x08008d60                __libc_init_array
 .text.__retarget_lock_acquire_recursive
                0x08008da8        0x2 C:/ST/STM32CubeIDE_1.16.0/STM32CubeIDE/plugins/com.st.stm32cube.ide.mcu.externaltools.gnu-tools-for-stm32.12.3.rel1.win32_1.0.200.202406191623/tools/bin/../lib/gcc/arm-none-eabi/12.3.1/../../../../arm-none-eabi/lib/thumb/v7e-m+fp/hard\libc_nano.a(libc_a-lock.o)
                0x08008da8                __retarget_lock_acquire_recursive
 .text.__retarget_lock_release_recursive
                0x08008daa        0x2 C:/ST/STM32CubeIDE_1.16.0/STM32CubeIDE/plugins/com.st.stm32cube.ide.mcu.externaltools.gnu-tools-for-stm32.12.3.rel1.win32_1.0.200.202406191623/tools/bin/../lib/gcc/arm-none-eabi/12.3.1/../../../../arm-none-eabi/lib/thumb/v7e-m+fp/hard\libc_nano.a(libc_a-lock.o)
                0x08008daa                __retarget_lock_release_recursive
 .text._free_r  0x08008dac       0x94 C:/ST/STM32CubeIDE_1.16.0/STM32CubeIDE/plugins/com.st.stm32cube.ide.mcu.externaltools.gnu-tools-for-stm32.12.3.rel1.win32_1.0.200.202406191623/tools/bin/../lib/gcc/arm-none-eabi/12.3.1/../../../../arm-none-eabi/lib/thumb/v7e-m+fp/hard\libc_nano.a(libc_a-freer.o)
                0x08008dac                _free_r
 .text.sbrk_aligned
                0x08008e40       0x44 C:/ST/STM32CubeIDE_1.16.0/STM32CubeIDE/plugins/com.st.stm32cube.ide.mcu.externaltools.gnu-tools-for-stm32.12.3.rel1.win32_1.0.200.202406191623/tools/bin/../lib/gcc/arm-none-eabi/12.3.1/../../../../arm-none-eabi/lib/thumb/v7e-m+fp/hard\libc_nano.a(libc_a-mallocr.o)
 .text._malloc_r
                0x08008e84      0x100 C:/ST/STM32CubeIDE_1.16.0/STM32CubeIDE/plugins/com.st.stm32cube.ide.mcu.externaltools.gnu-tools-for-stm32.12.3.rel1.win32_1.0.200.202406191623/tools/bin/../lib/gcc/arm-none-eabi/12.3.1/../../../../arm-none-eabi/lib/thumb/v7e-m+fp/hard\libc_nano.a(libc_a-mallocr.o)
                0x08008e84                _malloc_r
 .text.__malloc_lock
                0x08008f84        0xc C:/ST/STM32CubeIDE_1.16.0/STM32CubeIDE/plugins/com.st.stm32cube.ide.mcu.externaltools.gnu-tools-for-stm32.12.3.rel1.win32_1.0.200.202406191623/tools/bin/../lib/gcc/arm-none-eabi/12.3.1/../../../../arm-none-eabi/lib/thumb/v7e-m+fp/hard\libc_nano.a(libc_a-mlock.o)
                0x08008f84                __malloc_lock
 .text.__malloc_unlock
                0x08008f90        0xc C:/ST/STM32CubeIDE_1.16.0/STM32CubeIDE/plugins/com.st.stm32cube.ide.mcu.externaltools.gnu-tools-for-stm32.12.3.rel1.win32_1.0.200.202406191623/tools/bin/../lib/gcc/arm-none-eabi/12.3.1/../../../../arm-none-eabi/lib/thumb/v7e-m+fp/hard\libc_nano.a(libc_a-mlock.o)
                0x08008f90                __malloc_unlock
 .text.__ssputs_r
                0x08008f9c       0xb6 C:/ST/STM32CubeIDE_1.16.0/STM32CubeIDE/plugins/com.st.stm32cube.ide.mcu.externaltools.gnu-tools-for-stm32.12.3.rel1.win32_1.0.200.202406191623/tools/bin/../lib/gcc/arm-none-eabi/12.3.1/../../../../arm-none-eabi/lib/thumb/v7e-m+fp/hard\libc_nano.a(libc_a-nano-svfprintf.o)
                0x08008f9c                __ssputs_r
 *fill*         0x08009052        0x2 
 .text._svfprintf_r
                0x08009054      0x1f8 C:/ST/STM32CubeIDE_1.16.0/STM32CubeIDE/plugins/com.st.stm32cube.ide.mcu.externaltools.gnu-tools-for-stm32.12.3.rel1.win32_1.0.200.202406191623/tools/bin/../lib/gcc/arm-none-eabi/12.3.1/../../../../arm-none-eabi/lib/thumb/v7e-m+fp/hard\libc_nano.a(libc_a-nano-svfprintf.o)
                0x08009054                _svfiprintf_r
                0x08009054                _svfprintf_r
 .text._printf_common
                0x0800924c       0xda C:/ST/STM32CubeIDE_1.16.0/STM32CubeIDE/plugins/com.st.stm32cube.ide.mcu.externaltools.gnu-tools-for-stm32.12.3.rel1.win32_1.0.200.202406191623/tools/bin/../lib/gcc/arm-none-eabi/12.3.1/../../../../arm-none-eabi/lib/thumb/v7e-m+fp/hard\libc_nano.a(libc_a-nano-vfprintf_i.o)
                0x0800924c                _printf_common
 *fill*         0x08009326        0x2 
 .text._printf_i
                0x08009328      0x240 C:/ST/STM32CubeIDE_1.16.0/STM32CubeIDE/plugins/com.st.stm32cube.ide.mcu.externaltools.gnu-tools-for-stm32.12.3.rel1.win32_1.0.200.202406191623/tools/bin/../lib/gcc/arm-none-eabi/12.3.1/../../../../arm-none-eabi/lib/thumb/v7e-m+fp/hard\libc_nano.a(libc_a-nano-vfprintf_i.o)
                0x08009328                _printf_i
 .text.memmove  0x08009568       0x34 C:/ST/STM32CubeIDE_1.16.0/STM32CubeIDE/plugins/com.st.stm32cube.ide.mcu.externaltools.gnu-tools-for-stm32.12.3.rel1.win32_1.0.200.202406191623/tools/bin/../lib/gcc/arm-none-eabi/12.3.1/../../../../arm-none-eabi/lib/thumb/v7e-m+fp/hard\libc_nano.a(libc_a-memmove.o)
                0x08009568                memmove
 .text._sbrk_r  0x0800959c       0x20 C:/ST/STM32CubeIDE_1.16.0/STM32CubeIDE/plugins/com.st.stm32cube.ide.mcu.externaltools.gnu-tools-for-stm32.12.3.rel1.win32_1.0.200.202406191623/tools/bin/../lib/gcc/arm-none-eabi/12.3.1/../../../../arm-none-eabi/lib/thumb/v7e-m+fp/hard\libc_nano.a(libc_a-sbrkr.o)
                0x0800959c                _sbrk_r
 .text.memcpy   0x080095bc       0x1c C:/ST/STM32CubeIDE_1.16.0/STM32CubeIDE/plugins/com.st.stm32cube.ide.mcu.externaltools.gnu-tools-for-stm32.12.3.rel1.win32_1.0.200.202406191623/tools/bin/../lib/gcc/arm-none-eabi/12.3.1/../../../../arm-none-eabi/lib/thumb/v7e-m+fp/hard\libc_nano.a(libc_a-memcpy-stub.o)
                0x080095bc                memcpy
 .text._realloc_r
                0x080095d8       0x5c C:/ST/STM32CubeIDE_1.16.0/STM32CubeIDE/plugins/com.st.stm32cube.ide.mcu.externaltools.gnu-tools-for-stm32.12.3.rel1.win32_1.0.200.202406191623/tools/bin/../lib/gcc/arm-none-eabi/12.3.1/../../../../arm-none-eabi/lib/thumb/v7e-m+fp/hard\libc_nano.a(libc_a-reallocr.o)
                0x080095d8                _realloc_r
 .text._malloc_usable_size_r
                0x08009634       0x10 C:/ST/STM32CubeIDE_1.16.0/STM32CubeIDE/plugins/com.st.stm32cube.ide.mcu.externaltools.gnu-tools-for-stm32.12.3.rel1.win32_1.0.200.202406191623/tools/bin/../lib/gcc/arm-none-eabi/12.3.1/../../../../arm-none-eabi/lib/thumb/v7e-m+fp/hard\libc_nano.a(libc_a-msizer.o)
                0x08009634                _malloc_usable_size_r
 *(.glue_7)
 .glue_7        0x08009644        0x0 linker stubs
 *(.glue_7t)
 .glue_7t       0x08009644        0x0 linker stubs
 *(.eh_frame)
 .eh_frame      0x08009644        0x0 C:/ST/STM32CubeIDE_1.16.0/STM32CubeIDE/plugins/com.st.stm32cube.ide.mcu.externaltools.gnu-tools-for-stm32.12.3.rel1.win32_1.0.200.202406191623/tools/bin/../lib/gcc/arm-none-eabi/12.3.1/thumb/v7e-m+fp/hard/crtbegin.o
 *(.init)
 .init          0x08009644        0x4 C:/ST/STM32CubeIDE_1.16.0/STM32CubeIDE/plugins/com.st.stm32cube.ide.mcu.externaltools.gnu-tools-for-stm32.12.3.rel1.win32_1.0.200.202406191623/tools/bin/../lib/gcc/arm-none-eabi/12.3.1/thumb/v7e-m+fp/hard/crti.o
                0x08009644                _init
 .init          0x08009648        0x8 C:/ST/STM32CubeIDE_1.16.0/STM32CubeIDE/plugins/com.st.stm32cube.ide.mcu.externaltools.gnu-tools-for-stm32.12.3.rel1.win32_1.0.200.202406191623/tools/bin/../lib/gcc/arm-none-eabi/12.3.1/thumb/v7e-m+fp/hard/crtn.o
 *(.fini)
 .fini          0x08009650        0x4 C:/ST/STM32CubeIDE_1.16.0/STM32CubeIDE/plugins/com.st.stm32cube.ide.mcu.externaltools.gnu-tools-for-stm32.12.3.rel1.win32_1.0.200.202406191623/tools/bin/../lib/gcc/arm-none-eabi/12.3.1/thumb/v7e-m+fp/hard/crti.o
                0x08009650                _fini
 .fini          0x08009654        0x8 C:/ST/STM32CubeIDE_1.16.0/STM32CubeIDE/plugins/com.st.stm32cube.ide.mcu.externaltools.gnu-tools-for-stm32.12.3.rel1.win32_1.0.200.202406191623/tools/bin/../lib/gcc/arm-none-eabi/12.3.1/thumb/v7e-m+fp/hard/crtn.o
                0x0800965c                        . = ALIGN (0x4)
                0x0800965c                        _etext = .

.vfp11_veneer   0x0800965c        0x0
 .vfp11_veneer  0x0800965c        0x0 linker stubs

.v4_bx          0x0800965c        0x0
 .v4_bx         0x0800965c        0x0 linker stubs

.iplt           0x0800965c        0x0
 .iplt          0x0800965c        0x0 C:/ST/STM32CubeIDE_1.16.0/STM32CubeIDE/plugins/com.st.stm32cube.ide.mcu.externaltools.gnu-tools-for-stm32.12.3.rel1.win32_1.0.200.202406191623/tools/bin/../lib/gcc/arm-none-eabi/12.3.1/thumb/v7e-m+fp/hard/crtbegin.o

.rodata         0x0800965c    0x183e8
                0x0800965c                        . = ALIGN (0x4)
 *(.rodata)
 .rodata        0x0800965c       0xb6 ./Core/Src/main.o
 *(.rodata*)
 *fill*         0x08009712        0x2 
 .rodata.smallFont
                0x08009714      0x474 ./Core/Src/font.o
                0x08009714                smallFont
 .rodata.bigFont
                0x08009b88      0xbe0 ./Core/Src/font.o
                0x08009b88                bigFont
 .rodata.PABLOEASTEREGG
                0x0800a768     0x3bd0 ./Core/Src/main.o
                0x0800a768                PABLOEASTEREGG
 .rodata.megamanA
                0x0800e338     0x5800 ./Core/Src/main.o
                0x0800e338                megamanA
 .rodata.rollA  0x08013b38     0x4fec ./Core/Src/main.o
                0x08013b38                rollA
 .rodata.marioA
                0x08018b24     0x3a18 ./Core/Src/main.o
                0x08018b24                marioA
 .rodata.icemanA
                0x0801c53c     0x54bc ./Core/Src/main.o
                0x0801c53c                icemanA
 .rodata.AHBPrescTable
                0x080219f8       0x10 ./Core/Src/system_stm32f4xx.o
                0x080219f8                AHBPrescTable
 .rodata.APBPrescTable
                0x08021a08        0x8 ./Core/Src/system_stm32f4xx.o
                0x08021a08                APBPrescTable
 .rodata._svfprintf_r.str1.1
                0x08021a10       0x11 C:/ST/STM32CubeIDE_1.16.0/STM32CubeIDE/plugins/com.st.stm32cube.ide.mcu.externaltools.gnu-tools-for-stm32.12.3.rel1.win32_1.0.200.202406191623/tools/bin/../lib/gcc/arm-none-eabi/12.3.1/../../../../arm-none-eabi/lib/thumb/v7e-m+fp/hard\libc_nano.a(libc_a-nano-svfprintf.o)
 .rodata._printf_i.str1.1
                0x08021a21       0x22 C:/ST/STM32CubeIDE_1.16.0/STM32CubeIDE/plugins/com.st.stm32cube.ide.mcu.externaltools.gnu-tools-for-stm32.12.3.rel1.win32_1.0.200.202406191623/tools/bin/../lib/gcc/arm-none-eabi/12.3.1/../../../../arm-none-eabi/lib/thumb/v7e-m+fp/hard\libc_nano.a(libc_a-nano-vfprintf_i.o)
                0x08021a44                        . = ALIGN (0x4)
 *fill*         0x08021a43        0x1 

.ARM.extab      0x08021a44        0x0
                0x08021a44                        . = ALIGN (0x4)
 *(.ARM.extab* .gnu.linkonce.armextab.*)
                0x08021a44                        . = ALIGN (0x4)

.ARM            0x08021a44        0x8
                0x08021a44                        . = ALIGN (0x4)
                0x08021a44                        __exidx_start = .
 *(.ARM.exidx*)
 .ARM.exidx     0x08021a44        0x8 C:/ST/STM32CubeIDE_1.16.0/STM32CubeIDE/plugins/com.st.stm32cube.ide.mcu.externaltools.gnu-tools-for-stm32.12.3.rel1.win32_1.0.200.202406191623/tools/bin/../lib/gcc/arm-none-eabi/12.3.1/../../../../arm-none-eabi/lib/thumb/v7e-m+fp/hard\libc_nano.a(libc_a-strlen.o)
 .ARM.exidx     0x08021a4c        0x0 C:/ST/STM32CubeIDE_1.16.0/STM32CubeIDE/plugins/com.st.stm32cube.ide.mcu.externaltools.gnu-tools-for-stm32.12.3.rel1.win32_1.0.200.202406191623/tools/bin/../lib/gcc/arm-none-eabi/12.3.1/../../../../arm-none-eabi/lib/thumb/v7e-m+fp/hard\libc_nano.a(libc_a-memchr.o)
                                  0x8 (size before relaxing)
 .ARM.exidx     0x08021a4c        0x0 C:/ST/STM32CubeIDE_1.16.0/STM32CubeIDE/plugins/com.st.stm32cube.ide.mcu.externaltools.gnu-tools-for-stm32.12.3.rel1.win32_1.0.200.202406191623/tools/bin/../lib/gcc/arm-none-eabi/12.3.1/thumb/v7e-m+fp/hard\libgcc.a(_udivmoddi4.o)
                                  0x8 (size before relaxing)
                0x08021a4c                        __exidx_end = .
                0x08021a4c                        . = ALIGN (0x4)

.preinit_array  0x08021a4c        0x0
                0x08021a4c                        . = ALIGN (0x4)
                0x08021a4c                        PROVIDE (__preinit_array_start = .)
 *(.preinit_array*)
                0x08021a4c                        PROVIDE (__preinit_array_end = .)
                0x08021a4c                        . = ALIGN (0x4)

.init_array     0x08021a4c        0x4
                0x08021a4c                        . = ALIGN (0x4)
                0x08021a4c                        PROVIDE (__init_array_start = .)
 *(SORT_BY_NAME(.init_array.*))
 *(.init_array*)
 .init_array    0x08021a4c        0x4 C:/ST/STM32CubeIDE_1.16.0/STM32CubeIDE/plugins/com.st.stm32cube.ide.mcu.externaltools.gnu-tools-for-stm32.12.3.rel1.win32_1.0.200.202406191623/tools/bin/../lib/gcc/arm-none-eabi/12.3.1/thumb/v7e-m+fp/hard/crtbegin.o
                0x08021a50                        PROVIDE (__init_array_end = .)
                0x08021a50                        . = ALIGN (0x4)

.fini_array     0x08021a50        0x4
                0x08021a50                        . = ALIGN (0x4)
                [!provide]                        PROVIDE (__fini_array_start = .)
 *(SORT_BY_NAME(.fini_array.*))
 *(.fini_array*)
 .fini_array    0x08021a50        0x4 C:/ST/STM32CubeIDE_1.16.0/STM32CubeIDE/plugins/com.st.stm32cube.ide.mcu.externaltools.gnu-tools-for-stm32.12.3.rel1.win32_1.0.200.202406191623/tools/bin/../lib/gcc/arm-none-eabi/12.3.1/thumb/v7e-m+fp/hard/crtbegin.o
                [!provide]                        PROVIDE (__fini_array_end = .)
                0x08021a54                        . = ALIGN (0x4)
                0x08021a54                        _sidata = LOADADDR (.data)

.rel.dyn        0x08021a54        0x0
 .rel.iplt      0x08021a54        0x0 C:/ST/STM32CubeIDE_1.16.0/STM32CubeIDE/plugins/com.st.stm32cube.ide.mcu.externaltools.gnu-tools-for-stm32.12.3.rel1.win32_1.0.200.202406191623/tools/bin/../lib/gcc/arm-none-eabi/12.3.1/thumb/v7e-m+fp/hard/crtbegin.o

.data           0x20000000    0x12eec load address 0x08021a54
                0x20000000                        . = ALIGN (0x4)
                0x20000000                        _sdata = .
 *(.data)
 *(.data*)
 .data.megaman  0x20000000      0x47e ./Core/Src/main.o
                0x20000000                megaman
 *fill*         0x2000047e        0x2 
 .data.iceman   0x20000480      0x480 ./Core/Src/main.o
                0x20000480                iceman
 .data.roll     0x20000900      0x330 ./Core/Src/main.o
                0x20000900                roll
 .data.mario    0x20000c30      0x300 ./Core/Src/main.o
                0x20000c30                mario
 .data.megamanB
                0x20000f30      0x578 ./Core/Src/main.o
                0x20000f30                megamanB
 .data.icemanB  0x200014a8      0x620 ./Core/Src/main.o
                0x200014a8                icemanB
 .data.rollB    0x20001ac8      0x498 ./Core/Src/main.o
                0x20001ac8                rollB
 .data.marioB   0x20001f60      0x438 ./Core/Src/main.o
                0x20001f60                marioB
 .data.plataforma
                0x20002398     0x1000 ./Core/Src/main.o
                0x20002398                plataforma
 .data.Bala     0x20003398      0x1e0 ./Core/Src/main.o
                0x20003398                Bala
 .data.Titulo   0x20003578     0x6aa4 ./Core/Src/main.o
                0x20003578                Titulo
 .data.selector
                0x2000a01c      0xfd2 ./Core/Src/main.o
                0x2000a01c                selector
 *fill*         0x2000afee        0x2 
 .data.selectorJ1
                0x2000aff0      0xfd2 ./Core/Src/main.o
                0x2000aff0                selectorJ1
 *fill*         0x2000bfc2        0x2 
 .data.selectorJ2
                0x2000bfc4      0xfd2 ./Core/Src/main.o
                0x2000bfc4                selectorJ2
 *fill*         0x2000cf96        0x2 
 .data.selectorS
                0x2000cf98      0xfd2 ./Core/Src/main.o
                0x2000cf98                selectorS
 *fill*         0x2000df6a        0x2 
 .data.PressStart
                0x2000df6c      0x4b4 ./Core/Src/main.o
                0x2000df6c                PressStart
 .data.Referencias
                0x2000e420     0x4a0a ./Core/Src/main.o
                0x2000e420                Referencias
 .data.selector1x
                0x20012e2a        0x1 ./Core/Src/main.o
                0x20012e2a                selector1x
 .data.selector1y
                0x20012e2b        0x1 ./Core/Src/main.o
                0x20012e2b                selector1y
 .data.change1  0x20012e2c        0x1 ./Core/Src/main.o
                0x20012e2c                change1
 .data.selector2x
                0x20012e2d        0x1 ./Core/Src/main.o
                0x20012e2d                selector2x
 .data.selector2y
                0x20012e2e        0x1 ./Core/Src/main.o
                0x20012e2e                selector2y
 .data.change2  0x20012e2f        0x1 ./Core/Src/main.o
                0x20012e2f                change2
 .data.y1Estandar
                0x20012e30        0x4 ./Core/Src/main.o
                0x20012e30                y1Estandar
 .data.y1       0x20012e34        0x4 ./Core/Src/main.o
                0x20012e34                y1
 .data.frame1   0x20012e38        0x4 ./Core/Src/main.o
                0x20012e38                frame1
 .data.falling1
                0x20012e3c        0x4 ./Core/Src/main.o
                0x20012e3c                falling1
 .data.vidas1   0x20012e40        0x4 ./Core/Src/main.o
                0x20012e40                vidas1
 .data.bala_x   0x20012e44        0x4 ./Core/Src/main.o
                0x20012e44                bala_x
 .data.bala_y   0x20012e48        0x4 ./Core/Src/main.o
                0x20012e48                bala_y
 .data.x2       0x20012e4c        0x4 ./Core/Src/main.o
                0x20012e4c                x2
 .data.y2Estandar
                0x20012e50        0x4 ./Core/Src/main.o
                0x20012e50                y2Estandar
 .data.y2       0x20012e54        0x4 ./Core/Src/main.o
                0x20012e54                y2
 .data.frame2   0x20012e58        0x4 ./Core/Src/main.o
                0x20012e58                frame2
 .data.falling2
                0x20012e5c        0x4 ./Core/Src/main.o
                0x20012e5c                falling2
 .data.vidas2   0x20012e60        0x4 ./Core/Src/main.o
                0x20012e60                vidas2
 .data.bala_x2  0x20012e64        0x4 ./Core/Src/main.o
                0x20012e64                bala_x2
 .data.bala_y2  0x20012e68        0x4 ./Core/Src/main.o
                0x20012e68                bala_y2
 .data.konami_code1
                0x20012e6c        0x5 ./Core/Src/main.o
                0x20012e6c                konami_code1
 *fill*         0x20012e71        0x3 
 .data.konami_code2
                0x20012e74        0x5 ./Core/Src/main.o
                0x20012e74                konami_code2
 *fill*         0x20012e79        0x3 
 .data.SystemCoreClock
                0x20012e7c        0x4 ./Core/Src/system_stm32f4xx.o
                0x20012e7c                SystemCoreClock
 .data.uwTickPrio
                0x20012e80        0x4 ./Drivers/STM32F4xx_HAL_Driver/Src/stm32f4xx_hal.o
                0x20012e80                uwTickPrio
 .data.uwTickFreq
                0x20012e84        0x1 ./Drivers/STM32F4xx_HAL_Driver/Src/stm32f4xx_hal.o
                0x20012e84                uwTickFreq
 .data.Stat     0x20012e85        0x1 ./FATFS/Target/user_diskio.o
 *fill*         0x20012e86        0x2 
 .data.USER_Driver
                0x20012e88       0x14 ./FATFS/Target/user_diskio.o
                0x20012e88                USER_Driver
 .data._impure_ptr
                0x20012e9c        0x4 C:/ST/STM32CubeIDE_1.16.0/STM32CubeIDE/plugins/com.st.stm32cube.ide.mcu.externaltools.gnu-tools-for-stm32.12.3.rel1.win32_1.0.200.202406191623/tools/bin/../lib/gcc/arm-none-eabi/12.3.1/../../../../arm-none-eabi/lib/thumb/v7e-m+fp/hard\libc_nano.a(libc_a-impure.o)
                0x20012e9c                _impure_ptr
 .data._impure_data
                0x20012ea0       0x4c C:/ST/STM32CubeIDE_1.16.0/STM32CubeIDE/plugins/com.st.stm32cube.ide.mcu.externaltools.gnu-tools-for-stm32.12.3.rel1.win32_1.0.200.202406191623/tools/bin/../lib/gcc/arm-none-eabi/12.3.1/../../../../arm-none-eabi/lib/thumb/v7e-m+fp/hard\libc_nano.a(libc_a-impure.o)
                0x20012ea0                _impure_data
 *(.RamFunc)
 *(.RamFunc*)
                0x20012eec                        . = ALIGN (0x4)
                0x20012eec                        _edata = .

.igot.plt       0x20012eec        0x0 load address 0x08034940
 .igot.plt      0x20012eec        0x0 C:/ST/STM32CubeIDE_1.16.0/STM32CubeIDE/plugins/com.st.stm32cube.ide.mcu.externaltools.gnu-tools-for-stm32.12.3.rel1.win32_1.0.200.202406191623/tools/bin/../lib/gcc/arm-none-eabi/12.3.1/thumb/v7e-m+fp/hard/crtbegin.o
                0x20012eec                        . = ALIGN (0x4)

.bss            0x20012eec     0x1624 load address 0x08034940
                0x20012eec                        _sbss = .
                0x20012eec                        __bss_start__ = _sbss
 *(.bss)
 .bss           0x20012eec       0x1c C:/ST/STM32CubeIDE_1.16.0/STM32CubeIDE/plugins/com.st.stm32cube.ide.mcu.externaltools.gnu-tools-for-stm32.12.3.rel1.win32_1.0.200.202406191623/tools/bin/../lib/gcc/arm-none-eabi/12.3.1/thumb/v7e-m+fp/hard/crtbegin.o
 *(.bss*)
 .bss.option    0x20012f08        0x1 ./Core/Src/main.o
                0x20012f08                option
 *fill*         0x20012f09        0x3 
 .bss.option2   0x20012f0c        0x1 ./Core/Src/main.o
                0x20012f0c                option2
 *fill*         0x20012f0d        0x3 
 .bss.tx_buffer
                0x20012f10       0x14 ./Core/Src/main.o
                0x20012f10                tx_buffer
 .bss.fs        0x20012f24     0x1038 ./Core/Src/main.o
                0x20012f24                fs
 .bss.fres      0x20013f5c        0x1 ./Core/Src/main.o
                0x20013f5c                fres
 *fill*         0x20013f5d        0x3 
 .bss.hspi1     0x20013f60       0x58 ./Core/Src/main.o
                0x20013f60                hspi1
 .bss.huart5    0x20013fb8       0x48 ./Core/Src/main.o
                0x20013fb8                huart5
 .bss.huart2    0x20014000       0x48 ./Core/Src/main.o
                0x20014000                huart2
 .bss.huart3    0x20014048       0x48 ./Core/Src/main.o
                0x20014048                huart3
 .bss.modo      0x20014090        0x1 ./Core/Src/main.o
                0x20014090                modo
 .bss.caminarD  0x20014091        0x1 ./Core/Src/main.o
                0x20014091                caminarD
 .bss.caminarI  0x20014092        0x1 ./Core/Src/main.o
                0x20014092                caminarI
 .bss.caminarD2
                0x20014093        0x1 ./Core/Src/main.o
                0x20014093                caminarD2
 .bss.caminarI2
                0x20014094        0x1 ./Core/Src/main.o
                0x20014094                caminarI2
 .bss.start     0x20014095        0x1 ./Core/Src/main.o
                0x20014095                start
 .bss.startcounter
                0x20014096        0x1 ./Core/Src/main.o
                0x20014096                startcounter
 .bss.selector1xAntiguo
                0x20014097        0x1 ./Core/Src/main.o
                0x20014097                selector1xAntiguo
 .bss.selector1yAntiguo
                0x20014098        0x1 ./Core/Src/main.o
                0x20014098                selector1yAntiguo
 .bss.chselect1
                0x20014099        0x1 ./Core/Src/main.o
                0x20014099                chselect1
 .bss.ch1       0x2001409a        0x1 ./Core/Src/main.o
                0x2001409a                ch1
 .bss.selector2xAntiguo
                0x2001409b        0x1 ./Core/Src/main.o
                0x2001409b                selector2xAntiguo
 .bss.selector2yAntiguo
                0x2001409c        0x1 ./Core/Src/main.o
                0x2001409c                selector2yAntiguo
 .bss.chselect2
                0x2001409d        0x1 ./Core/Src/main.o
                0x2001409d                chselect2
 .bss.ch2       0x2001409e        0x1 ./Core/Src/main.o
                0x2001409e                ch2
 *fill*         0x2001409f        0x1 
 .bss.x1        0x200140a0        0x4 ./Core/Src/main.o
                0x200140a0                x1
 .bss.w1        0x200140a4        0x4 ./Core/Src/main.o
                0x200140a4                w1
 .bss.h1        0x200140a8        0x4 ./Core/Src/main.o
                0x200140a8                h1
 .bss.column1   0x200140ac        0x4 ./Core/Src/main.o
                0x200140ac                column1
 .bss.flip1     0x200140b0        0x4 ./Core/Src/main.o
                0x200140b0                flip1
 .bss.vY1       0x200140b4        0x4 ./Core/Src/main.o
                0x200140b4                vY1
 .bss.jump1     0x200140b8        0x4 ./Core/Src/main.o
                0x200140b8                jump1
 .bss.jumpcount1
                0x200140bc        0x4 ./Core/Src/main.o
                0x200140bc                jumpcount1
 .bss.running1  0x200140c0        0x4 ./Core/Src/main.o
                0x200140c0                running1
 .bss.shooting1
                0x200140c4        0x4 ./Core/Src/main.o
                0x200140c4                shooting1
 .bss.bulletskin1
                0x200140c8        0x4 ./Core/Src/main.o
                0x200140c8                bulletskin1
 .bss.bulleth1  0x200140cc        0x4 ./Core/Src/main.o
                0x200140cc                bulleth1
 .bss.daño1    0x200140d0        0x4 ./Core/Src/main.o
                0x200140d0                daño1
 .bss.winner1   0x200140d4        0x4 ./Core/Src/main.o
                0x200140d4                winner1
 .bss.bala      0x200140d8        0x4 ./Core/Src/main.o
                0x200140d8                bala
 .bss.bullet_state
                0x200140dc        0x3 ./Core/Src/main.o
                0x200140dc                bullet_state
 *fill*         0x200140df        0x1 
 .bss.bullet_x  0x200140e0        0xc ./Core/Src/main.o
                0x200140e0                bullet_x
 .bss.bullet_y  0x200140ec        0xc ./Core/Src/main.o
                0x200140ec                bullet_y
 .bss.flip1_    0x200140f8        0xc ./Core/Src/main.o
                0x200140f8                flip1_
 .bss.w2        0x20014104        0x4 ./Core/Src/main.o
                0x20014104                w2
 .bss.column2   0x20014108        0x4 ./Core/Src/main.o
                0x20014108                column2
 .bss.flip22    0x2001410c        0x4 ./Core/Src/main.o
                0x2001410c                flip22
 .bss.h2        0x20014110        0x4 ./Core/Src/main.o
                0x20014110                h2
 .bss.vY2       0x20014114        0x4 ./Core/Src/main.o
                0x20014114                vY2
 .bss.jump2     0x20014118        0x4 ./Core/Src/main.o
                0x20014118                jump2
 .bss.jumpcount2
                0x2001411c        0x4 ./Core/Src/main.o
                0x2001411c                jumpcount2
 .bss.running2  0x20014120        0x4 ./Core/Src/main.o
                0x20014120                running2
 .bss.shooting2
                0x20014124        0x4 ./Core/Src/main.o
                0x20014124                shooting2
 .bss.bulletskin2
                0x20014128        0x4 ./Core/Src/main.o
                0x20014128                bulletskin2
 .bss.bulleth2  0x2001412c        0x4 ./Core/Src/main.o
                0x2001412c                bulleth2
 .bss.daño2    0x20014130        0x4 ./Core/Src/main.o
                0x20014130                daño2
 .bss.winner2   0x20014134        0x4 ./Core/Src/main.o
                0x20014134                winner2
 .bss.bala2     0x20014138        0x4 ./Core/Src/main.o
                0x20014138                bala2
 .bss.bullet_state2
                0x2001413c        0x3 ./Core/Src/main.o
                0x2001413c                bullet_state2
 *fill*         0x2001413f        0x1 
 .bss.bullet_x2
                0x20014140        0xc ./Core/Src/main.o
                0x20014140                bullet_x2
 .bss.bullet_y2
                0x2001414c        0xc ./Core/Src/main.o
                0x2001414c                bullet_y2
 .bss.flip22_   0x20014158        0xc ./Core/Src/main.o
                0x20014158                flip22_
 .bss.current_index1
                0x20014164        0x4 ./Core/Src/main.o
                0x20014164                current_index1
 .bss.input_buffer1
                0x20014168        0x5 ./Core/Src/main.o
                0x20014168                input_buffer1
 *fill*         0x2001416d        0x3 
 .bss.konami1   0x20014170        0x4 ./Core/Src/main.o
                0x20014170                konami1
 .bss.current_index2
                0x20014174        0x4 ./Core/Src/main.o
                0x20014174                current_index2
 .bss.input_buffer2
                0x20014178        0x5 ./Core/Src/main.o
                0x20014178                input_buffer2
 *fill*         0x2001417d        0x3 
 .bss.konami2   0x20014180        0x4 ./Core/Src/main.o
                0x20014180                konami2
 .bss.__sbrk_heap_end
                0x20014184        0x4 ./Core/Src/sysmem.o
 .bss.uwTick    0x20014188        0x4 ./Drivers/STM32F4xx_HAL_Driver/Src/stm32f4xx_hal.o
                0x20014188                uwTick
 .bss.retUSER   0x2001418c        0x1 ./FATFS/App/fatfs.o
                0x2001418c                retUSER
 *fill*         0x2001418d        0x3 
 .bss.USERPath  0x20014190        0x4 ./FATFS/App/fatfs.o
                0x20014190                USERPath
 .bss.FatFs     0x20014194        0x4 ./Middlewares/Third_Party/FatFs/src/ff.o
 .bss.Fsid      0x20014198        0x2 ./Middlewares/Third_Party/FatFs/src/ff.o
 *fill*         0x2001419a        0x2 
 .bss.Files     0x2001419c       0x20 ./Middlewares/Third_Party/FatFs/src/ff.o
 .bss.LfnBuf    0x200141bc      0x200 ./Middlewares/Third_Party/FatFs/src/ff.o
 .bss.disk      0x200143bc        0xc ./Middlewares/Third_Party/FatFs/src/ff_gen_drv.o
                0x200143bc                disk
 .bss.__sf      0x200143c8      0x138 C:/ST/STM32CubeIDE_1.16.0/STM32CubeIDE/plugins/com.st.stm32cube.ide.mcu.externaltools.gnu-tools-for-stm32.12.3.rel1.win32_1.0.200.202406191623/tools/bin/../lib/gcc/arm-none-eabi/12.3.1/../../../../arm-none-eabi/lib/thumb/v7e-m+fp/hard\libc_nano.a(libc_a-findfp.o)
                0x200143c8                __sf
 .bss.errno     0x20014500        0x4 C:/ST/STM32CubeIDE_1.16.0/STM32CubeIDE/plugins/com.st.stm32cube.ide.mcu.externaltools.gnu-tools-for-stm32.12.3.rel1.win32_1.0.200.202406191623/tools/bin/../lib/gcc/arm-none-eabi/12.3.1/../../../../arm-none-eabi/lib/thumb/v7e-m+fp/hard\libc_nano.a(libc_a-reent.o)
                0x20014500                errno
 .bss.__lock___malloc_recursive_mutex
                0x20014504        0x1 C:/ST/STM32CubeIDE_1.16.0/STM32CubeIDE/plugins/com.st.stm32cube.ide.mcu.externaltools.gnu-tools-for-stm32.12.3.rel1.win32_1.0.200.202406191623/tools/bin/../lib/gcc/arm-none-eabi/12.3.1/../../../../arm-none-eabi/lib/thumb/v7e-m+fp/hard\libc_nano.a(libc_a-lock.o)
                0x20014504                __lock___malloc_recursive_mutex
 *fill*         0x20014505        0x3 
 .bss.__malloc_sbrk_start
                0x20014508        0x4 C:/ST/STM32CubeIDE_1.16.0/STM32CubeIDE/plugins/com.st.stm32cube.ide.mcu.externaltools.gnu-tools-for-stm32.12.3.rel1.win32_1.0.200.202406191623/tools/bin/../lib/gcc/arm-none-eabi/12.3.1/../../../../arm-none-eabi/lib/thumb/v7e-m+fp/hard\libc_nano.a(libc_a-mallocr.o)
                0x20014508                __malloc_sbrk_start
 .bss.__malloc_free_list
                0x2001450c        0x4 C:/ST/STM32CubeIDE_1.16.0/STM32CubeIDE/plugins/com.st.stm32cube.ide.mcu.externaltools.gnu-tools-for-stm32.12.3.rel1.win32_1.0.200.202406191623/tools/bin/../lib/gcc/arm-none-eabi/12.3.1/../../../../arm-none-eabi/lib/thumb/v7e-m+fp/hard\libc_nano.a(libc_a-mallocr.o)
                0x2001450c                __malloc_free_list
 *(COMMON)
                0x20014510                        . = ALIGN (0x4)
                0x20014510                        _ebss = .
                0x20014510                        __bss_end__ = _ebss

._user_heap_stack
                0x20014510      0x600 load address 0x08034940
                0x20014510                        . = ALIGN (0x8)
                [!provide]                        PROVIDE (end = .)
                0x20014510                        PROVIDE (_end = .)
                0x20014710                        . = (. + _Min_Heap_Size)
 *fill*         0x20014510      0x200 
                0x20014b10                        . = (. + _Min_Stack_Size)
 *fill*         0x20014710      0x400 
                0x20014b10                        . = ALIGN (0x8)

/DISCARD/
 libc.a(*)
 libm.a(*)
 libgcc.a(*)

.ARM.attributes
                0x00000000       0x30
 *(.ARM.attributes)
 .ARM.attributes
                0x00000000       0x22 C:/ST/STM32CubeIDE_1.16.0/STM32CubeIDE/plugins/com.st.stm32cube.ide.mcu.externaltools.gnu-tools-for-stm32.12.3.rel1.win32_1.0.200.202406191623/tools/bin/../lib/gcc/arm-none-eabi/12.3.1/thumb/v7e-m+fp/hard/crti.o
 .ARM.attributes
                0x00000022       0x34 C:/ST/STM32CubeIDE_1.16.0/STM32CubeIDE/plugins/com.st.stm32cube.ide.mcu.externaltools.gnu-tools-for-stm32.12.3.rel1.win32_1.0.200.202406191623/tools/bin/../lib/gcc/arm-none-eabi/12.3.1/thumb/v7e-m+fp/hard/crtbegin.o
 .ARM.attributes
                0x00000056       0x34 ./Core/Src/font.o
 .ARM.attributes
                0x0000008a       0x34 ./Core/Src/ili9341.o
 .ARM.attributes
                0x000000be       0x34 ./Core/Src/main.o
 .ARM.attributes
                0x000000f2       0x34 ./Core/Src/stm32f4xx_hal_msp.o
 .ARM.attributes
                0x00000126       0x34 ./Core/Src/stm32f4xx_it.o
 .ARM.attributes
                0x0000015a       0x34 ./Core/Src/sysmem.o
 .ARM.attributes
                0x0000018e       0x34 ./Core/Src/system_stm32f4xx.o
 .ARM.attributes
                0x000001c2       0x21 ./Core/Startup/startup_stm32f446retx.o
 .ARM.attributes
                0x000001e3       0x34 ./Drivers/STM32F4xx_HAL_Driver/Src/stm32f4xx_hal.o
 .ARM.attributes
                0x00000217       0x34 ./Drivers/STM32F4xx_HAL_Driver/Src/stm32f4xx_hal_cortex.o
 .ARM.attributes
                0x0000024b       0x34 ./Drivers/STM32F4xx_HAL_Driver/Src/stm32f4xx_hal_dma.o
 .ARM.attributes
                0x0000027f       0x34 ./Drivers/STM32F4xx_HAL_Driver/Src/stm32f4xx_hal_gpio.o
 .ARM.attributes
                0x000002b3       0x34 ./Drivers/STM32F4xx_HAL_Driver/Src/stm32f4xx_hal_rcc.o
 .ARM.attributes
                0x000002e7       0x34 ./Drivers/STM32F4xx_HAL_Driver/Src/stm32f4xx_hal_rcc_ex.o
 .ARM.attributes
                0x0000031b       0x34 ./Drivers/STM32F4xx_HAL_Driver/Src/stm32f4xx_hal_spi.o
 .ARM.attributes
                0x0000034f       0x34 ./Drivers/STM32F4xx_HAL_Driver/Src/stm32f4xx_hal_uart.o
 .ARM.attributes
                0x00000383       0x34 ./FATFS/App/fatfs.o
 .ARM.attributes
                0x000003b7       0x34 ./FATFS/Target/user_diskio.o
 .ARM.attributes
                0x000003eb       0x34 ./Middlewares/Third_Party/FatFs/src/diskio.o
 .ARM.attributes
                0x0000041f       0x34 ./Middlewares/Third_Party/FatFs/src/ff.o
 .ARM.attributes
                0x00000453       0x34 ./Middlewares/Third_Party/FatFs/src/ff_gen_drv.o
 .ARM.attributes
                0x00000487       0x34 C:/ST/STM32CubeIDE_1.16.0/STM32CubeIDE/plugins/com.st.stm32cube.ide.mcu.externaltools.gnu-tools-for-stm32.12.3.rel1.win32_1.0.200.202406191623/tools/bin/../lib/gcc/arm-none-eabi/12.3.1/../../../../arm-none-eabi/lib/thumb/v7e-m+fp/hard\libc_nano.a(libc_a-findfp.o)
 .ARM.attributes
                0x000004bb       0x34 C:/ST/STM32CubeIDE_1.16.0/STM32CubeIDE/plugins/com.st.stm32cube.ide.mcu.externaltools.gnu-tools-for-stm32.12.3.rel1.win32_1.0.200.202406191623/tools/bin/../lib/gcc/arm-none-eabi/12.3.1/../../../../arm-none-eabi/lib/thumb/v7e-m+fp/hard\libc_nano.a(libc_a-sprintf.o)
 .ARM.attributes
                0x000004ef       0x34 C:/ST/STM32CubeIDE_1.16.0/STM32CubeIDE/plugins/com.st.stm32cube.ide.mcu.externaltools.gnu-tools-for-stm32.12.3.rel1.win32_1.0.200.202406191623/tools/bin/../lib/gcc/arm-none-eabi/12.3.1/../../../../arm-none-eabi/lib/thumb/v7e-m+fp/hard\libc_nano.a(libc_a-memset.o)
 .ARM.attributes
                0x00000523       0x34 C:/ST/STM32CubeIDE_1.16.0/STM32CubeIDE/plugins/com.st.stm32cube.ide.mcu.externaltools.gnu-tools-for-stm32.12.3.rel1.win32_1.0.200.202406191623/tools/bin/../lib/gcc/arm-none-eabi/12.3.1/../../../../arm-none-eabi/lib/thumb/v7e-m+fp/hard\libc_nano.a(libc_a-reent.o)
 .ARM.attributes
                0x00000557       0x34 C:/ST/STM32CubeIDE_1.16.0/STM32CubeIDE/plugins/com.st.stm32cube.ide.mcu.externaltools.gnu-tools-for-stm32.12.3.rel1.win32_1.0.200.202406191623/tools/bin/../lib/gcc/arm-none-eabi/12.3.1/../../../../arm-none-eabi/lib/thumb/v7e-m+fp/hard\libc_nano.a(libc_a-impure.o)
 .ARM.attributes
                0x0000058b       0x34 C:/ST/STM32CubeIDE_1.16.0/STM32CubeIDE/plugins/com.st.stm32cube.ide.mcu.externaltools.gnu-tools-for-stm32.12.3.rel1.win32_1.0.200.202406191623/tools/bin/../lib/gcc/arm-none-eabi/12.3.1/../../../../arm-none-eabi/lib/thumb/v7e-m+fp/hard\libc_nano.a(libc_a-errno.o)
 .ARM.attributes
                0x000005bf       0x34 C:/ST/STM32CubeIDE_1.16.0/STM32CubeIDE/plugins/com.st.stm32cube.ide.mcu.externaltools.gnu-tools-for-stm32.12.3.rel1.win32_1.0.200.202406191623/tools/bin/../lib/gcc/arm-none-eabi/12.3.1/../../../../arm-none-eabi/lib/thumb/v7e-m+fp/hard\libc_nano.a(libc_a-init.o)
 .ARM.attributes
                0x000005f3       0x34 C:/ST/STM32CubeIDE_1.16.0/STM32CubeIDE/plugins/com.st.stm32cube.ide.mcu.externaltools.gnu-tools-for-stm32.12.3.rel1.win32_1.0.200.202406191623/tools/bin/../lib/gcc/arm-none-eabi/12.3.1/../../../../arm-none-eabi/lib/thumb/v7e-m+fp/hard\libc_nano.a(libc_a-lock.o)
 .ARM.attributes
                0x00000627       0x17 C:/ST/STM32CubeIDE_1.16.0/STM32CubeIDE/plugins/com.st.stm32cube.ide.mcu.externaltools.gnu-tools-for-stm32.12.3.rel1.win32_1.0.200.202406191623/tools/bin/../lib/gcc/arm-none-eabi/12.3.1/../../../../arm-none-eabi/lib/thumb/v7e-m+fp/hard\libc_nano.a(libc_a-strlen.o)
 .ARM.attributes
                0x0000063e       0x34 C:/ST/STM32CubeIDE_1.16.0/STM32CubeIDE/plugins/com.st.stm32cube.ide.mcu.externaltools.gnu-tools-for-stm32.12.3.rel1.win32_1.0.200.202406191623/tools/bin/../lib/gcc/arm-none-eabi/12.3.1/../../../../arm-none-eabi/lib/thumb/v7e-m+fp/hard\libc_nano.a(libc_a-freer.o)
 .ARM.attributes
                0x00000672       0x34 C:/ST/STM32CubeIDE_1.16.0/STM32CubeIDE/plugins/com.st.stm32cube.ide.mcu.externaltools.gnu-tools-for-stm32.12.3.rel1.win32_1.0.200.202406191623/tools/bin/../lib/gcc/arm-none-eabi/12.3.1/../../../../arm-none-eabi/lib/thumb/v7e-m+fp/hard\libc_nano.a(libc_a-mallocr.o)
 .ARM.attributes
                0x000006a6       0x34 C:/ST/STM32CubeIDE_1.16.0/STM32CubeIDE/plugins/com.st.stm32cube.ide.mcu.externaltools.gnu-tools-for-stm32.12.3.rel1.win32_1.0.200.202406191623/tools/bin/../lib/gcc/arm-none-eabi/12.3.1/../../../../arm-none-eabi/lib/thumb/v7e-m+fp/hard\libc_nano.a(libc_a-mlock.o)
 .ARM.attributes
                0x000006da       0x34 C:/ST/STM32CubeIDE_1.16.0/STM32CubeIDE/plugins/com.st.stm32cube.ide.mcu.externaltools.gnu-tools-for-stm32.12.3.rel1.win32_1.0.200.202406191623/tools/bin/../lib/gcc/arm-none-eabi/12.3.1/../../../../arm-none-eabi/lib/thumb/v7e-m+fp/hard\libc_nano.a(libc_a-nano-svfprintf.o)
 .ARM.attributes
                0x0000070e       0x34 C:/ST/STM32CubeIDE_1.16.0/STM32CubeIDE/plugins/com.st.stm32cube.ide.mcu.externaltools.gnu-tools-for-stm32.12.3.rel1.win32_1.0.200.202406191623/tools/bin/../lib/gcc/arm-none-eabi/12.3.1/../../../../arm-none-eabi/lib/thumb/v7e-m+fp/hard\libc_nano.a(libc_a-nano-vfprintf_i.o)
 .ARM.attributes
                0x00000742       0x34 C:/ST/STM32CubeIDE_1.16.0/STM32CubeIDE/plugins/com.st.stm32cube.ide.mcu.externaltools.gnu-tools-for-stm32.12.3.rel1.win32_1.0.200.202406191623/tools/bin/../lib/gcc/arm-none-eabi/12.3.1/../../../../arm-none-eabi/lib/thumb/v7e-m+fp/hard\libc_nano.a(libc_a-memmove.o)
 .ARM.attributes
                0x00000776       0x34 C:/ST/STM32CubeIDE_1.16.0/STM32CubeIDE/plugins/com.st.stm32cube.ide.mcu.externaltools.gnu-tools-for-stm32.12.3.rel1.win32_1.0.200.202406191623/tools/bin/../lib/gcc/arm-none-eabi/12.3.1/../../../../arm-none-eabi/lib/thumb/v7e-m+fp/hard\libc_nano.a(libc_a-sbrkr.o)
 .ARM.attributes
                0x000007aa       0x1c C:/ST/STM32CubeIDE_1.16.0/STM32CubeIDE/plugins/com.st.stm32cube.ide.mcu.externaltools.gnu-tools-for-stm32.12.3.rel1.win32_1.0.200.202406191623/tools/bin/../lib/gcc/arm-none-eabi/12.3.1/../../../../arm-none-eabi/lib/thumb/v7e-m+fp/hard\libc_nano.a(libc_a-memchr.o)
 .ARM.attributes
                0x000007c6       0x34 C:/ST/STM32CubeIDE_1.16.0/STM32CubeIDE/plugins/com.st.stm32cube.ide.mcu.externaltools.gnu-tools-for-stm32.12.3.rel1.win32_1.0.200.202406191623/tools/bin/../lib/gcc/arm-none-eabi/12.3.1/../../../../arm-none-eabi/lib/thumb/v7e-m+fp/hard\libc_nano.a(libc_a-memcpy-stub.o)
 .ARM.attributes
                0x000007fa       0x34 C:/ST/STM32CubeIDE_1.16.0/STM32CubeIDE/plugins/com.st.stm32cube.ide.mcu.externaltools.gnu-tools-for-stm32.12.3.rel1.win32_1.0.200.202406191623/tools/bin/../lib/gcc/arm-none-eabi/12.3.1/../../../../arm-none-eabi/lib/thumb/v7e-m+fp/hard\libc_nano.a(libc_a-reallocr.o)
 .ARM.attributes
                0x0000082e       0x34 C:/ST/STM32CubeIDE_1.16.0/STM32CubeIDE/plugins/com.st.stm32cube.ide.mcu.externaltools.gnu-tools-for-stm32.12.3.rel1.win32_1.0.200.202406191623/tools/bin/../lib/gcc/arm-none-eabi/12.3.1/../../../../arm-none-eabi/lib/thumb/v7e-m+fp/hard\libc_nano.a(libc_a-msizer.o)
 .ARM.attributes
                0x00000862       0x22 C:/ST/STM32CubeIDE_1.16.0/STM32CubeIDE/plugins/com.st.stm32cube.ide.mcu.externaltools.gnu-tools-for-stm32.12.3.rel1.win32_1.0.200.202406191623/tools/bin/../lib/gcc/arm-none-eabi/12.3.1/thumb/v7e-m+fp/hard\libgcc.a(_aeabi_uldivmod.o)
 .ARM.attributes
                0x00000884       0x34 C:/ST/STM32CubeIDE_1.16.0/STM32CubeIDE/plugins/com.st.stm32cube.ide.mcu.externaltools.gnu-tools-for-stm32.12.3.rel1.win32_1.0.200.202406191623/tools/bin/../lib/gcc/arm-none-eabi/12.3.1/thumb/v7e-m+fp/hard\libgcc.a(_udivmoddi4.o)
 .ARM.attributes
                0x000008b8       0x22 C:/ST/STM32CubeIDE_1.16.0/STM32CubeIDE/plugins/com.st.stm32cube.ide.mcu.externaltools.gnu-tools-for-stm32.12.3.rel1.win32_1.0.200.202406191623/tools/bin/../lib/gcc/arm-none-eabi/12.3.1/thumb/v7e-m+fp/hard\libgcc.a(_dvmd_tls.o)
 .ARM.attributes
                0x000008da       0x22 C:/ST/STM32CubeIDE_1.16.0/STM32CubeIDE/plugins/com.st.stm32cube.ide.mcu.externaltools.gnu-tools-for-stm32.12.3.rel1.win32_1.0.200.202406191623/tools/bin/../lib/gcc/arm-none-eabi/12.3.1/thumb/v7e-m+fp/hard/crtn.o
OUTPUT(ILI9341.elf elf32-littlearm)
LOAD linker stubs
LOAD C:/ST/STM32CubeIDE_1.16.0/STM32CubeIDE/plugins/com.st.stm32cube.ide.mcu.externaltools.gnu-tools-for-stm32.12.3.rel1.win32_1.0.200.202406191623/tools/bin/../lib/gcc/arm-none-eabi/12.3.1/../../../../arm-none-eabi/lib/thumb/v7e-m+fp/hard\libc.a
LOAD C:/ST/STM32CubeIDE_1.16.0/STM32CubeIDE/plugins/com.st.stm32cube.ide.mcu.externaltools.gnu-tools-for-stm32.12.3.rel1.win32_1.0.200.202406191623/tools/bin/../lib/gcc/arm-none-eabi/12.3.1/../../../../arm-none-eabi/lib/thumb/v7e-m+fp/hard\libm.a
LOAD C:/ST/STM32CubeIDE_1.16.0/STM32CubeIDE/plugins/com.st.stm32cube.ide.mcu.externaltools.gnu-tools-for-stm32.12.3.rel1.win32_1.0.200.202406191623/tools/bin/../lib/gcc/arm-none-eabi/12.3.1/thumb/v7e-m+fp/hard\libgcc.a

.debug_info     0x00000000     0xfc26
 .debug_info    0x00000000       0xf1 ./Core/Src/font.o
 .debug_info    0x000000f1      0x81b ./Core/Src/ili9341.o
 .debug_info    0x0000090c     0x229a ./Core/Src/main.o
 .debug_info    0x00002ba6      0xf28 ./Core/Src/stm32f4xx_hal_msp.o
 .debug_info    0x00003ace      0x66b ./Core/Src/stm32f4xx_it.o
 .debug_info    0x00004139      0x168 ./Core/Src/sysmem.o
 .debug_info    0x000042a1      0x54a ./Core/Src/system_stm32f4xx.o
 .debug_info    0x000047eb       0x30 ./Core/Startup/startup_stm32f446retx.o
 .debug_info    0x0000481b      0x99a ./Drivers/STM32F4xx_HAL_Driver/Src/stm32f4xx_hal.o
 .debug_info    0x000051b5      0xd75 ./Drivers/STM32F4xx_HAL_Driver/Src/stm32f4xx_hal_cortex.o
 .debug_info    0x00005f2a      0x8e7 ./Drivers/STM32F4xx_HAL_Driver/Src/stm32f4xx_hal_dma.o
 .debug_info    0x00006811      0x70b ./Drivers/STM32F4xx_HAL_Driver/Src/stm32f4xx_hal_gpio.o
 .debug_info    0x00006f1c      0x8ed ./Drivers/STM32F4xx_HAL_Driver/Src/stm32f4xx_hal_rcc.o
 .debug_info    0x00007809      0x956 ./Drivers/STM32F4xx_HAL_Driver/Src/stm32f4xx_hal_rcc_ex.o
 .debug_info    0x0000815f     0x15fb ./Drivers/STM32F4xx_HAL_Driver/Src/stm32f4xx_hal_spi.o
 .debug_info    0x0000975a     0x2f4f ./Drivers/STM32F4xx_HAL_Driver/Src/stm32f4xx_hal_uart.o
 .debug_info    0x0000c6a9      0x508 ./FATFS/App/fatfs.o
 .debug_info    0x0000cbb1      0x328 ./FATFS/Target/user_diskio.o
 .debug_info    0x0000ced9      0x3df ./Middlewares/Third_Party/FatFs/src/diskio.o
 .debug_info    0x0000d2b8     0x25ef ./Middlewares/Third_Party/FatFs/src/ff.o
 .debug_info    0x0000f8a7      0x37f ./Middlewares/Third_Party/FatFs/src/ff_gen_drv.o

.debug_abbrev   0x00000000     0x27a5
 .debug_abbrev  0x00000000       0x64 ./Core/Src/font.o
 .debug_abbrev  0x00000064      0x203 ./Core/Src/ili9341.o
 .debug_abbrev  0x00000267      0x3ca ./Core/Src/main.o
 .debug_abbrev  0x00000631      0x1f9 ./Core/Src/stm32f4xx_hal_msp.o
 .debug_abbrev  0x0000082a      0x177 ./Core/Src/stm32f4xx_it.o
 .debug_abbrev  0x000009a1       0xbc ./Core/Src/sysmem.o
 .debug_abbrev  0x00000a5d      0x11a ./Core/Src/system_stm32f4xx.o
 .debug_abbrev  0x00000b77       0x24 ./Core/Startup/startup_stm32f446retx.o
 .debug_abbrev  0x00000b9b      0x214 ./Drivers/STM32F4xx_HAL_Driver/Src/stm32f4xx_hal.o
 .debug_abbrev  0x00000daf      0x328 ./Drivers/STM32F4xx_HAL_Driver/Src/stm32f4xx_hal_cortex.o
 .debug_abbrev  0x000010d7      0x264 ./Drivers/STM32F4xx_HAL_Driver/Src/stm32f4xx_hal_dma.o
 .debug_abbrev  0x0000133b      0x1d4 ./Drivers/STM32F4xx_HAL_Driver/Src/stm32f4xx_hal_gpio.o
 .debug_abbrev  0x0000150f      0x2b6 ./Drivers/STM32F4xx_HAL_Driver/Src/stm32f4xx_hal_rcc.o
 .debug_abbrev  0x000017c5      0x20a ./Drivers/STM32F4xx_HAL_Driver/Src/stm32f4xx_hal_rcc_ex.o
 .debug_abbrev  0x000019cf      0x284 ./Drivers/STM32F4xx_HAL_Driver/Src/stm32f4xx_hal_spi.o
 .debug_abbrev  0x00001c53      0x30e ./Drivers/STM32F4xx_HAL_Driver/Src/stm32f4xx_hal_uart.o
 .debug_abbrev  0x00001f61      0x15e ./FATFS/App/fatfs.o
 .debug_abbrev  0x000020bf      0x13c ./FATFS/Target/user_diskio.o
 .debug_abbrev  0x000021fb      0x181 ./Middlewares/Third_Party/FatFs/src/diskio.o
 .debug_abbrev  0x0000237c      0x28a ./Middlewares/Third_Party/FatFs/src/ff.o
 .debug_abbrev  0x00002606      0x19f ./Middlewares/Third_Party/FatFs/src/ff_gen_drv.o

.debug_aranges  0x00000000      0xd88
 .debug_aranges
                0x00000000       0x18 ./Core/Src/font.o
 .debug_aranges
                0x00000018       0x78 ./Core/Src/ili9341.o
 .debug_aranges
                0x00000090       0xe0 ./Core/Src/main.o
 .debug_aranges
                0x00000170       0x40 ./Core/Src/stm32f4xx_hal_msp.o
 .debug_aranges
                0x000001b0       0x78 ./Core/Src/stm32f4xx_it.o
 .debug_aranges
                0x00000228       0x20 ./Core/Src/sysmem.o
 .debug_aranges
                0x00000248       0x28 ./Core/Src/system_stm32f4xx.o
 .debug_aranges
                0x00000270       0x28 ./Core/Startup/startup_stm32f446retx.o
 .debug_aranges
                0x00000298       0xf0 ./Drivers/STM32F4xx_HAL_Driver/Src/stm32f4xx_hal.o
 .debug_aranges
                0x00000388      0x120 ./Drivers/STM32F4xx_HAL_Driver/Src/stm32f4xx_hal_cortex.o
 .debug_aranges
                0x000004a8       0x90 ./Drivers/STM32F4xx_HAL_Driver/Src/stm32f4xx_hal_dma.o
 .debug_aranges
                0x00000538       0x58 ./Drivers/STM32F4xx_HAL_Driver/Src/stm32f4xx_hal_gpio.o
 .debug_aranges
                0x00000590       0x88 ./Drivers/STM32F4xx_HAL_Driver/Src/stm32f4xx_hal_rcc.o
 .debug_aranges
                0x00000618       0x78 ./Drivers/STM32F4xx_HAL_Driver/Src/stm32f4xx_hal_rcc_ex.o
 .debug_aranges
                0x00000690      0x1d0 ./Drivers/STM32F4xx_HAL_Driver/Src/stm32f4xx_hal_spi.o
 .debug_aranges
                0x00000860      0x208 ./Drivers/STM32F4xx_HAL_Driver/Src/stm32f4xx_hal_uart.o
 .debug_aranges
                0x00000a68       0x28 ./FATFS/App/fatfs.o
 .debug_aranges
                0x00000a90       0x40 ./FATFS/Target/user_diskio.o
 .debug_aranges
                0x00000ad0       0x48 ./Middlewares/Third_Party/FatFs/src/diskio.o
 .debug_aranges
                0x00000b18      0x230 ./Middlewares/Third_Party/FatFs/src/ff.o
 .debug_aranges
                0x00000d48       0x40 ./Middlewares/Third_Party/FatFs/src/ff_gen_drv.o

.debug_macro    0x00000000     0x443e
 .debug_macro   0x00000000       0x72 ./Core/Src/font.o
 .debug_macro   0x00000072       0x34 ./Core/Src/font.o
 .debug_macro   0x000000a6      0x316 ./Core/Src/ili9341.o
 .debug_macro   0x000003bc       0x34 ./Core/Src/ili9341.o
 .debug_macro   0x000003f0       0x16 ./Core/Src/ili9341.o
 .debug_macro   0x00000406      0x11c ./Core/Src/ili9341.o
 .debug_macro   0x00000522       0x94 ./Core/Src/ili9341.o
 .debug_macro   0x000005b6       0x16 ./Core/Src/ili9341.o
 .debug_macro   0x000005cc       0x43 ./Core/Src/ili9341.o
 .debug_macro   0x0000060f       0x34 ./Core/Src/ili9341.o
 .debug_macro   0x00000643       0x10 ./Core/Src/ili9341.o
 .debug_macro   0x00000653       0x58 ./Core/Src/ili9341.o
 .debug_macro   0x000006ab       0x8e ./Core/Src/ili9341.o
 .debug_macro   0x00000739       0x1c ./Core/Src/ili9341.o
 .debug_macro   0x00000755      0x177 ./Core/Src/ili9341.o
 .debug_macro   0x000008cc      0x369 ./Core/Src/ili9341.o
 .debug_macro   0x00000c35       0x16 ./Core/Src/ili9341.o
 .debug_macro   0x00000c4b       0x29 ./Core/Src/ili9341.o
 .debug_macro   0x00000c74       0x16 ./Core/Src/ili9341.o
 .debug_macro   0x00000c8a       0x35 ./Core/Src/ili9341.o
 .debug_macro   0x00000cbf       0x20 ./Core/Src/ili9341.o
 .debug_macro   0x00000cdf      0x118 ./Core/Src/ili9341.o
 .debug_macro   0x00000df7       0x3a ./Core/Src/ili9341.o
 .debug_macro   0x00000e31       0x56 ./Core/Src/ili9341.o
 .debug_macro   0x00000e87       0xac ./Core/Src/ili9341.o
 .debug_macro   0x00000f33      0x412 ./Core/Src/main.o
 .debug_macro   0x00001345       0xeb ./Core/Src/main.o
 .debug_macro   0x00001430       0x61 ./Core/Src/main.o
 .debug_macro   0x00001491       0x12 ./Core/Src/main.o
 .debug_macro   0x000014a3       0xe2 ./Core/Src/main.o
 .debug_macro   0x00001585       0x8e ./Core/Src/main.o
 .debug_macro   0x00001613       0x16 ./Core/Src/main.o
 .debug_macro   0x00001629       0x10 ./Core/Src/main.o
 .debug_macro   0x00001639       0x10 ./Core/Src/main.o
 .debug_macro   0x00001649       0x10 ./Core/Src/main.o
 .debug_macro   0x00001659       0x1c ./Core/Src/main.o
 .debug_macro   0x00001675       0x52 ./Core/Src/main.o
 .debug_macro   0x000016c7       0x22 ./Core/Src/main.o
 .debug_macro   0x000016e9       0x10 ./Core/Src/main.o
 .debug_macro   0x000016f9       0x52 ./Core/Src/main.o
 .debug_macro   0x0000174b       0xcf ./Core/Src/main.o
 .debug_macro   0x0000181a       0x1c ./Core/Src/main.o
 .debug_macro   0x00001836       0x3d ./Core/Src/main.o
 .debug_macro   0x00001873       0x35 ./Core/Src/main.o
 .debug_macro   0x000018a8       0x10 ./Core/Src/main.o
 .debug_macro   0x000018b8      0x1d3 ./Core/Src/stm32f4xx_hal_msp.o
 .debug_macro   0x00001a8b      0x1dd ./Core/Src/stm32f4xx_it.o
 .debug_macro   0x00001c68       0xff ./Core/Src/sysmem.o
 .debug_macro   0x00001d67      0x23c ./Core/Src/sysmem.o
 .debug_macro   0x00001fa3      0x1c4 ./Core/Src/system_stm32f4xx.o
 .debug_macro   0x00002167      0x224 ./Drivers/STM32F4xx_HAL_Driver/Src/stm32f4xx_hal.o
 .debug_macro   0x0000238b      0x1c4 ./Drivers/STM32F4xx_HAL_Driver/Src/stm32f4xx_hal_cortex.o
 .debug_macro   0x0000254f      0x1ca ./Drivers/STM32F4xx_HAL_Driver/Src/stm32f4xx_hal_dma.o
 .debug_macro   0x00002719      0x1ca ./Drivers/STM32F4xx_HAL_Driver/Src/stm32f4xx_hal_gpio.o
 .debug_macro   0x000028e3      0x1e8 ./Drivers/STM32F4xx_HAL_Driver/Src/stm32f4xx_hal_rcc.o
 .debug_macro   0x00002acb      0x1c4 ./Drivers/STM32F4xx_HAL_Driver/Src/stm32f4xx_hal_rcc_ex.o
 .debug_macro   0x00002c8f      0x1d3 ./Drivers/STM32F4xx_HAL_Driver/Src/stm32f4xx_hal_spi.o
 .debug_macro   0x00002e62      0x1c5 ./Drivers/STM32F4xx_HAL_Driver/Src/stm32f4xx_hal_uart.o
 .debug_macro   0x00003027      0x2f8 ./FATFS/App/fatfs.o
 .debug_macro   0x0000331f       0xe5 ./FATFS/App/fatfs.o
 .debug_macro   0x00003404      0x315 ./FATFS/Target/user_diskio.o
 .debug_macro   0x00003719       0x10 ./FATFS/Target/user_diskio.o
 .debug_macro   0x00003729      0x2e5 ./Middlewares/Third_Party/FatFs/src/diskio.o
 .debug_macro   0x00003a0e      0x6f3 ./Middlewares/Third_Party/FatFs/src/ff.o
 .debug_macro   0x00004101       0x58 ./Middlewares/Third_Party/FatFs/src/ff.o
 .debug_macro   0x00004159      0x2e5 ./Middlewares/Third_Party/FatFs/src/ff_gen_drv.o

.debug_line     0x00000000    0x158b2
 .debug_line    0x00000000      0x410 ./Core/Src/font.o
 .debug_line    0x00000410      0xe3a ./Core/Src/ili9341.o
 .debug_line    0x0000124a     0x2a68 ./Core/Src/main.o
 .debug_line    0x00003cb2      0x84e ./Core/Src/stm32f4xx_hal_msp.o
 .debug_line    0x00004500      0x83f ./Core/Src/stm32f4xx_it.o
 .debug_line    0x00004d3f      0x583 ./Core/Src/sysmem.o
 .debug_line    0x000052c2      0x7b9 ./Core/Src/system_stm32f4xx.o
 .debug_line    0x00005a7b       0x7a ./Core/Startup/startup_stm32f446retx.o
 .debug_line    0x00005af5      0xa22 ./Drivers/STM32F4xx_HAL_Driver/Src/stm32f4xx_hal.o
 .debug_line    0x00006517      0xcea ./Drivers/STM32F4xx_HAL_Driver/Src/stm32f4xx_hal_cortex.o
 .debug_line    0x00007201      0xf92 ./Drivers/STM32F4xx_HAL_Driver/Src/stm32f4xx_hal_dma.o
 .debug_line    0x00008193      0xb9a ./Drivers/STM32F4xx_HAL_Driver/Src/stm32f4xx_hal_gpio.o
 .debug_line    0x00008d2d      0xd9f ./Drivers/STM32F4xx_HAL_Driver/Src/stm32f4xx_hal_rcc.o
 .debug_line    0x00009acc     0x143d ./Drivers/STM32F4xx_HAL_Driver/Src/stm32f4xx_hal_rcc_ex.o
 .debug_line    0x0000af09     0x1d1d ./Drivers/STM32F4xx_HAL_Driver/Src/stm32f4xx_hal_spi.o
 .debug_line    0x0000cc26     0x28f4 ./Drivers/STM32F4xx_HAL_Driver/Src/stm32f4xx_hal_uart.o
 .debug_line    0x0000f51a      0x925 ./FATFS/App/fatfs.o
 .debug_line    0x0000fe3f      0x984 ./FATFS/Target/user_diskio.o
 .debug_line    0x000107c3      0x997 ./Middlewares/Third_Party/FatFs/src/diskio.o
 .debug_line    0x0001115a     0x3da6 ./Middlewares/Third_Party/FatFs/src/ff.o
 .debug_line    0x00014f00      0x9b2 ./Middlewares/Third_Party/FatFs/src/ff_gen_drv.o

.debug_str      0x00000000    0xceba8
 .debug_str     0x00000000     0x3c7b ./Core/Src/font.o
                               0x3dec (size before relaxing)
 .debug_str     0x00003c7b    0xc501e ./Core/Src/ili9341.o
                              0xc8f4c (size before relaxing)
 .debug_str     0x000c8c99     0x2111 ./Core/Src/main.o
                              0xcafcb (size before relaxing)
 .debug_str     0x000cadaa      0x5cf ./Core/Src/stm32f4xx_hal_msp.o
                              0xc4917 (size before relaxing)
 .debug_str     0x000cb379      0x112 ./Core/Src/stm32f4xx_it.o
                              0xc4114 (size before relaxing)
 .debug_str     0x000cb48b      0x4dc ./Core/Src/sysmem.o
                               0x60cc (size before relaxing)
 .debug_str     0x000cb967       0xdb ./Core/Src/system_stm32f4xx.o
                              0xc3b0a (size before relaxing)
 .debug_str     0x000cba42       0x44 ./Core/Startup/startup_stm32f446retx.o
                                 0x7f (size before relaxing)
 .debug_str     0x000cba86      0x603 ./Drivers/STM32F4xx_HAL_Driver/Src/stm32f4xx_hal.o
                              0xc46cf (size before relaxing)
 .debug_str     0x000cc089      0x33a ./Drivers/STM32F4xx_HAL_Driver/Src/stm32f4xx_hal_cortex.o
                              0xc43f4 (size before relaxing)
 .debug_str     0x000cc3c3      0x31a ./Drivers/STM32F4xx_HAL_Driver/Src/stm32f4xx_hal_dma.o
                              0xc3eff (size before relaxing)
 .debug_str     0x000cc6dd      0x121 ./Drivers/STM32F4xx_HAL_Driver/Src/stm32f4xx_hal_gpio.o
                              0xc3c85 (size before relaxing)
 .debug_str     0x000cc7fe      0x233 ./Drivers/STM32F4xx_HAL_Driver/Src/stm32f4xx_hal_rcc.o
                              0xc3f43 (size before relaxing)
 .debug_str     0x000cca31      0x324 ./Drivers/STM32F4xx_HAL_Driver/Src/stm32f4xx_hal_rcc_ex.o
                              0xc3f76 (size before relaxing)
 .debug_str     0x000ccd55      0x56d ./Drivers/STM32F4xx_HAL_Driver/Src/stm32f4xx_hal_spi.o
                              0xc43a9 (size before relaxing)
 .debug_str     0x000cd2c2      0x5bc ./Drivers/STM32F4xx_HAL_Driver/Src/stm32f4xx_hal_uart.o
                              0xc44fa (size before relaxing)
 .debug_str     0x000cd87e       0xf1 ./FATFS/App/fatfs.o
                              0xc7557 (size before relaxing)
 .debug_str     0x000cd96f       0x6b ./FATFS/Target/user_diskio.o
                              0xc74c2 (size before relaxing)
 .debug_str     0x000cd9da       0x52 ./Middlewares/Third_Party/FatFs/src/diskio.o
                              0xc7453 (size before relaxing)
 .debug_str     0x000cda2c     0x10eb ./Middlewares/Third_Party/FatFs/src/ff.o
                              0xc875a (size before relaxing)
 .debug_str     0x000ceb17       0x91 ./Middlewares/Third_Party/FatFs/src/ff_gen_drv.o
                              0xc74a4 (size before relaxing)

.comment        0x00000000       0x43
 .comment       0x00000000       0x43 ./Core/Src/font.o
                                 0x44 (size before relaxing)
 .comment       0x00000043       0x44 ./Core/Src/ili9341.o
 .comment       0x00000043       0x44 ./Core/Src/main.o
 .comment       0x00000043       0x44 ./Core/Src/stm32f4xx_hal_msp.o
 .comment       0x00000043       0x44 ./Core/Src/stm32f4xx_it.o
 .comment       0x00000043       0x44 ./Core/Src/sysmem.o
 .comment       0x00000043       0x44 ./Core/Src/system_stm32f4xx.o
 .comment       0x00000043       0x44 ./Drivers/STM32F4xx_HAL_Driver/Src/stm32f4xx_hal.o
 .comment       0x00000043       0x44 ./Drivers/STM32F4xx_HAL_Driver/Src/stm32f4xx_hal_cortex.o
 .comment       0x00000043       0x44 ./Drivers/STM32F4xx_HAL_Driver/Src/stm32f4xx_hal_dma.o
 .comment       0x00000043       0x44 ./Drivers/STM32F4xx_HAL_Driver/Src/stm32f4xx_hal_gpio.o
 .comment       0x00000043       0x44 ./Drivers/STM32F4xx_HAL_Driver/Src/stm32f4xx_hal_rcc.o
 .comment       0x00000043       0x44 ./Drivers/STM32F4xx_HAL_Driver/Src/stm32f4xx_hal_rcc_ex.o
 .comment       0x00000043       0x44 ./Drivers/STM32F4xx_HAL_Driver/Src/stm32f4xx_hal_spi.o
 .comment       0x00000043       0x44 ./Drivers/STM32F4xx_HAL_Driver/Src/stm32f4xx_hal_uart.o
 .comment       0x00000043       0x44 ./FATFS/App/fatfs.o
 .comment       0x00000043       0x44 ./FATFS/Target/user_diskio.o
 .comment       0x00000043       0x44 ./Middlewares/Third_Party/FatFs/src/diskio.o
 .comment       0x00000043       0x44 ./Middlewares/Third_Party/FatFs/src/ff.o
 .comment       0x00000043       0x44 ./Middlewares/Third_Party/FatFs/src/ff_gen_drv.o

.debug_rnglists
                0x00000000      0xab5
 .debug_rnglists
                0x00000000       0x60 ./Core/Src/ili9341.o
 .debug_rnglists
                0x00000060      0x104 ./Core/Src/main.o
 .debug_rnglists
                0x00000164       0x2e ./Core/Src/stm32f4xx_hal_msp.o
 .debug_rnglists
                0x00000192       0x55 ./Core/Src/stm32f4xx_it.o
 .debug_rnglists
                0x000001e7       0x13 ./Core/Src/sysmem.o
 .debug_rnglists
                0x000001fa       0x1a ./Core/Src/system_stm32f4xx.o
 .debug_rnglists
                0x00000214       0x19 ./Core/Startup/startup_stm32f446retx.o
 .debug_rnglists
                0x0000022d       0xaf ./Drivers/STM32F4xx_HAL_Driver/Src/stm32f4xx_hal.o
 .debug_rnglists
                0x000002dc       0xd4 ./Drivers/STM32F4xx_HAL_Driver/Src/stm32f4xx_hal_cortex.o
 .debug_rnglists
                0x000003b0       0x70 ./Drivers/STM32F4xx_HAL_Driver/Src/stm32f4xx_hal_dma.o
 .debug_rnglists
                0x00000420       0x3f ./Drivers/STM32F4xx_HAL_Driver/Src/stm32f4xx_hal_gpio.o
 .debug_rnglists
                0x0000045f       0x66 ./Drivers/STM32F4xx_HAL_Driver/Src/stm32f4xx_hal_rcc.o
 .debug_rnglists
                0x000004c5       0x5e ./Drivers/STM32F4xx_HAL_Driver/Src/stm32f4xx_hal_rcc_ex.o
 .debug_rnglists
                0x00000523      0x16f ./Drivers/STM32F4xx_HAL_Driver/Src/stm32f4xx_hal_spi.o
 .debug_rnglists
                0x00000692      0x1bc ./Drivers/STM32F4xx_HAL_Driver/Src/stm32f4xx_hal_uart.o
 .debug_rnglists
                0x0000084e       0x19 ./FATFS/App/fatfs.o
 .debug_rnglists
                0x00000867       0x2b ./FATFS/Target/user_diskio.o
 .debug_rnglists
                0x00000892       0x31 ./Middlewares/Third_Party/FatFs/src/diskio.o
 .debug_rnglists
                0x000008c3      0x1c6 ./Middlewares/Third_Party/FatFs/src/ff.o
 .debug_rnglists
                0x00000a89       0x2c ./Middlewares/Third_Party/FatFs/src/ff_gen_drv.o

.debug_frame    0x00000000     0x3c04
 .debug_frame   0x00000000      0x1c4 ./Core/Src/ili9341.o
 .debug_frame   0x000001c4      0x3ac ./Core/Src/main.o
 .debug_frame   0x00000570       0xc8 ./Core/Src/stm32f4xx_hal_msp.o
 .debug_frame   0x00000638      0x158 ./Core/Src/stm32f4xx_it.o
 .debug_frame   0x00000790       0x34 ./Core/Src/sysmem.o
 .debug_frame   0x000007c4       0x58 ./Core/Src/system_stm32f4xx.o
 .debug_frame   0x0000081c      0x374 ./Drivers/STM32F4xx_HAL_Driver/Src/stm32f4xx_hal.o
 .debug_frame   0x00000b90      0x4b8 ./Drivers/STM32F4xx_HAL_Driver/Src/stm32f4xx_hal_cortex.o
 .debug_frame   0x00001048      0x250 ./Drivers/STM32F4xx_HAL_Driver/Src/stm32f4xx_hal_dma.o
 .debug_frame   0x00001298      0x14c ./Drivers/STM32F4xx_HAL_Driver/Src/stm32f4xx_hal_gpio.o
 .debug_frame   0x000013e4      0x1f4 ./Drivers/STM32F4xx_HAL_Driver/Src/stm32f4xx_hal_rcc.o
 .debug_frame   0x000015d8      0x1e8 ./Drivers/STM32F4xx_HAL_Driver/Src/stm32f4xx_hal_rcc_ex.o
 .debug_frame   0x000017c0      0x828 ./Drivers/STM32F4xx_HAL_Driver/Src/stm32f4xx_hal_spi.o
 .debug_frame   0x00001fe8      0x954 ./Drivers/STM32F4xx_HAL_Driver/Src/stm32f4xx_hal_uart.o
 .debug_frame   0x0000293c       0x4c ./FATFS/App/fatfs.o
 .debug_frame   0x00002988       0xd8 ./FATFS/Target/user_diskio.o
 .debug_frame   0x00002a60       0xec ./Middlewares/Third_Party/FatFs/src/diskio.o
 .debug_frame   0x00002b4c      0xa0c ./Middlewares/Third_Party/FatFs/src/ff.o
 .debug_frame   0x00003558       0xc8 ./Middlewares/Third_Party/FatFs/src/ff_gen_drv.o
 .debug_frame   0x00003620      0x144 C:/ST/STM32CubeIDE_1.16.0/STM32CubeIDE/plugins/com.st.stm32cube.ide.mcu.externaltools.gnu-tools-for-stm32.12.3.rel1.win32_1.0.200.202406191623/tools/bin/../lib/gcc/arm-none-eabi/12.3.1/../../../../arm-none-eabi/lib/thumb/v7e-m+fp/hard\libc_nano.a(libc_a-findfp.o)
 .debug_frame   0x00003764       0x6c C:/ST/STM32CubeIDE_1.16.0/STM32CubeIDE/plugins/com.st.stm32cube.ide.mcu.externaltools.gnu-tools-for-stm32.12.3.rel1.win32_1.0.200.202406191623/tools/bin/../lib/gcc/arm-none-eabi/12.3.1/../../../../arm-none-eabi/lib/thumb/v7e-m+fp/hard\libc_nano.a(libc_a-sprintf.o)