../Core/Src/main.c:244:6:disparar_balaJ1	24	static
../Core/Src/main.c:190:5:main	48	static
../Core/Src/main.c:255:6:disparar_balaJ2	24	static
../Core/Src/main.c:267:5:detectar_colisionJ1	32	static
../Core/Src/main.c:290:5:detectar_colisionJ2	32	static
../Core/Src/main.c:311:6:mostrar_vidasJ1	48	static
../Core/Src/main.c:318:6:mostrar_vidasJ2	48	static
../Core/Src/main.c:325:6:mover_balaJ1	56	static
../Core/Src/main.c:362:6:mover_balaJ2	56	static
../Core/Src/main.c:400:6:Jugador1	56	static
../Core/Src/main.c:542:6:Jugador2	56	static
../Core/Src/main.c:1218:6:SystemClock_Config	88	static
../Core/Src/main.c:1266:13:MX_SPI1_Init	8	static
../Core/Src/main.c:1301:13:MX_UART5_Init	8	static
../Core/Src/main.c:1331:13:MX_USART2_UART_Init	8	static
../Core/Src/main.c:1361:13:MX_USART3_UART_Init	8	static
../Core/Src/main.c:1391:13:MX_GPIO_Init	48	static
../Core/Src/main.c:1446:5:load_image_from_sd_to_play	4168	static
../Core/Src/main.c:1472:6:transmit_uart2	16	static
../Core/Src/main.c:1475:6:transmit_uart3	16	static
../Core/Src/main.c:1478:6:transmit_uart5	16	static
../Core/Src/main.c:1482:6:check_konami_code1	16	static
../Core/Src/main.c:1498:6:check_konami_code2	16	static
../Core/Src/main.c:1514:6:HAL_UART_RxCpltCallback	24	static
../Core/Src/main.c:2536:6:Error_Handler	4	static,ignoring_inline_asm
